Archive member included because of file (symbol)

C:\Users\fuhu\Desktop\373final\irc\SoftConsole\infr_MSS_CM3_0\infr_MSS_CM3_0_hw_platform\Debug\libinfr_MSS_CM3_0_hw_platform.a(mss_uart.o)
                              C:/Users/fuhu/Desktop/373final/irc/SoftConsole/infr_MSS_CM3_0/infr_MSS_CM3_0_hw_platform/Debug/CMSIS/startup_gcc/newlib_stubs.o (MSS_UART_polled_tx)
C:\Users\fuhu\Desktop\373final\irc\SoftConsole\infr_MSS_CM3_0\infr_MSS_CM3_0_hw_platform\Debug\libinfr_MSS_CM3_0_hw_platform.a(mss_i2c.o)
                              ./main.o (g_mss_i2c1)
C:\Users\fuhu\Desktop\373final\irc\SoftConsole\infr_MSS_CM3_0\infr_MSS_CM3_0_hw_platform\Debug\libinfr_MSS_CM3_0_hw_platform.a(core_cm3.o)
                              C:\Users\fuhu\Desktop\373final\irc\SoftConsole\infr_MSS_CM3_0\infr_MSS_CM3_0_hw_platform\Debug\libinfr_MSS_CM3_0_hw_platform.a(mss_i2c.o) (__get_PRIMASK)
C:\Users\fuhu\Desktop\373final\irc\SoftConsole\infr_MSS_CM3_0\infr_MSS_CM3_0_hw_platform\Debug\libinfr_MSS_CM3_0_hw_platform.a(system_a2fxxxm3.o)
                              C:/Users/fuhu/Desktop/373final/irc/SoftConsole/infr_MSS_CM3_0/infr_MSS_CM3_0_hw_platform/Debug/CMSIS/startup_gcc/startup_a2fxxxm3.o (SystemInit)
c:/microsemi/softconsole v3.3/sourcery-g++/bin/../lib/gcc/arm-none-eabi/4.4.1/../../../../arm-none-eabi/lib/thumb2\libc.a(lib_a-errno.o)
                              C:/Users/fuhu/Desktop/373final/irc/SoftConsole/infr_MSS_CM3_0/infr_MSS_CM3_0_hw_platform/Debug/CMSIS/startup_gcc/newlib_stubs.o (__errno)
c:/microsemi/softconsole v3.3/sourcery-g++/bin/../lib/gcc/arm-none-eabi/4.4.1/../../../../arm-none-eabi/lib/thumb2\libc.a(lib_a-impure.o)
                              c:/microsemi/softconsole v3.3/sourcery-g++/bin/../lib/gcc/arm-none-eabi/4.4.1/../../../../arm-none-eabi/lib/thumb2\libc.a(lib_a-errno.o) (_impure_ptr)
c:/microsemi/softconsole v3.3/sourcery-g++/bin/../lib/gcc/arm-none-eabi/4.4.1/../../../../arm-none-eabi/lib/thumb2\libc.a(lib_a-init.o)
                              C:/Users/fuhu/Desktop/373final/irc/SoftConsole/infr_MSS_CM3_0/infr_MSS_CM3_0_hw_platform/Debug/CMSIS/startup_gcc/startup_a2fxxxm3.o (__libc_init_array)
c:/microsemi/softconsole v3.3/sourcery-g++/bin/../lib/gcc/arm-none-eabi/4.4.1/../../../../arm-none-eabi/lib/thumb2\libc.a(lib_a-memset.o)
                              C:\Users\fuhu\Desktop\373final\irc\SoftConsole\infr_MSS_CM3_0\infr_MSS_CM3_0_hw_platform\Debug\libinfr_MSS_CM3_0_hw_platform.a(mss_i2c.o) (memset)
c:/microsemi/softconsole v3.3/sourcery-g++/bin/../lib/gcc/arm-none-eabi/4.4.1/../../../../arm-none-eabi/lib/thumb2\libc.a(lib_a-printf.o)
                              ./main.o (printf)
c:/microsemi/softconsole v3.3/sourcery-g++/bin/../lib/gcc/arm-none-eabi/4.4.1/../../../../arm-none-eabi/lib/thumb2\libc.a(lib_a-vfprintf.o)
                              c:/microsemi/softconsole v3.3/sourcery-g++/bin/../lib/gcc/arm-none-eabi/4.4.1/../../../../arm-none-eabi/lib/thumb2\libc.a(lib_a-printf.o) (_vfprintf_r)
c:/microsemi/softconsole v3.3/sourcery-g++/bin/../lib/gcc/arm-none-eabi/4.4.1/../../../../arm-none-eabi/lib/thumb2\libc.a(lib_a-wsetup.o)
                              c:/microsemi/softconsole v3.3/sourcery-g++/bin/../lib/gcc/arm-none-eabi/4.4.1/../../../../arm-none-eabi/lib/thumb2\libc.a(lib_a-vfprintf.o) (__swsetup_r)
c:/microsemi/softconsole v3.3/sourcery-g++/bin/../lib/gcc/arm-none-eabi/4.4.1/../../../../arm-none-eabi/lib/thumb2\libc.a(lib_a-dtoa.o)
                              c:/microsemi/softconsole v3.3/sourcery-g++/bin/../lib/gcc/arm-none-eabi/4.4.1/../../../../arm-none-eabi/lib/thumb2\libc.a(lib_a-vfprintf.o) (_dtoa_r)
c:/microsemi/softconsole v3.3/sourcery-g++/bin/../lib/gcc/arm-none-eabi/4.4.1/../../../../arm-none-eabi/lib/thumb2\libc.a(lib_a-fflush.o)
                              c:/microsemi/softconsole v3.3/sourcery-g++/bin/../lib/gcc/arm-none-eabi/4.4.1/../../../../arm-none-eabi/lib/thumb2\libc.a(lib_a-vfprintf.o) (_fflush_r)
c:/microsemi/softconsole v3.3/sourcery-g++/bin/../lib/gcc/arm-none-eabi/4.4.1/../../../../arm-none-eabi/lib/thumb2\libc.a(lib_a-findfp.o)
                              c:/microsemi/softconsole v3.3/sourcery-g++/bin/../lib/gcc/arm-none-eabi/4.4.1/../../../../arm-none-eabi/lib/thumb2\libc.a(lib_a-printf.o) (__sinit)
c:/microsemi/softconsole v3.3/sourcery-g++/bin/../lib/gcc/arm-none-eabi/4.4.1/../../../../arm-none-eabi/lib/thumb2\libc.a(lib_a-freer.o)
                              c:/microsemi/softconsole v3.3/sourcery-g++/bin/../lib/gcc/arm-none-eabi/4.4.1/../../../../arm-none-eabi/lib/thumb2\libc.a(lib_a-wsetup.o) (_free_r)
c:/microsemi/softconsole v3.3/sourcery-g++/bin/../lib/gcc/arm-none-eabi/4.4.1/../../../../arm-none-eabi/lib/thumb2\libc.a(lib_a-fvwrite.o)
                              c:/microsemi/softconsole v3.3/sourcery-g++/bin/../lib/gcc/arm-none-eabi/4.4.1/../../../../arm-none-eabi/lib/thumb2\libc.a(lib_a-vfprintf.o) (__sfvwrite_r)
[...]
Memory Configuration

Name             Origin             Length             Attributes
ram              0x20000000         0x00010000         xrw
*default*        0x00000000         0xffffffff

Linker script and memory map

LOAD c:/microsemi/softconsole v3.3/sourcery-g++/bin/../lib/gcc/arm-none-eabi/4.4.1/thumb2/crti.o
LOAD c:/microsemi/softconsole v3.3/sourcery-g++/bin/../lib/gcc/arm-none-eabi/4.4.1/thumb2/crtbegin.o
LOAD ./main.o
LOAD C:/Users/fuhu/Desktop/373final/irc/SoftConsole/infr_MSS_CM3_0/infr_MSS_CM3_0_hw_platform/Debug/CMSIS/startup_gcc/startup_a2fxxxm3.o
LOAD C:/Users/fuhu/Desktop/373final/irc/SoftConsole/infr_MSS_CM3_0/infr_MSS_CM3_0_hw_platform/Debug/CMSIS/startup_gcc/newlib_stubs.o
LOAD C:\Users\fuhu\Desktop\373final\irc\SoftConsole\infr_MSS_CM3_0\infr_MSS_CM3_0_hw_platform\Debug\libinfr_MSS_CM3_0_hw_platform.a
START GROUP
LOAD c:/microsemi/softconsole v3.3/sourcery-g++/bin/../lib/gcc/arm-none-eabi/4.4.1/thumb2\libgcc.a
LOAD c:/microsemi/softconsole v3.3/sourcery-g++/bin/../lib/gcc/arm-none-eabi/4.4.1/../../../../arm-none-eabi/lib/thumb2\libc.a
END GROUP
LOAD c:/microsemi/softconsole v3.3/sourcery-g++/bin/../lib/gcc/arm-none-eabi/4.4.1/thumb2/crtend.o
LOAD c:/microsemi/softconsole v3.3/sourcery-g++/bin/../lib/gcc/arm-none-eabi/4.4.1/thumb2/crtn.o
START GROUP
LOAD c:/microsemi/softconsole v3.3/sourcery-g++/bin/../lib/gcc/arm-none-eabi/4.4.1/../../../../arm-none-eabi/lib/thumb2\libc.a
LOAD c:/microsemi/softconsole v3.3/sourcery-g++/bin/../lib/gcc/arm-none-eabi/4.4.1/thumb2\libgcc.a
LOAD c:/microsemi/softconsole v3.3/sourcery-g++/bin/../lib/gcc/arm-none-eabi/4.4.1/../../../../arm-none-eabi/lib/thumb2\libm.a
END GROUP
                0x00000000                __DYNAMIC = 0x0
                0x20000000                RAM_START_ADDRESS = 0x20000000
                0x00010000                RAM_SIZE = 0x10000
                0x00002000                MAIN_STACK_SIZE = 0x2000
                0x00001000                PROCESS_STACK_SIZE = 0x1000
                0x20010000                PROVIDE (__main_stack_start, (RAM_START_ADDRESS + RAM_SIZE))
                0x2000e000                PROVIDE (__process_stack_start, (__main_stack_start - MAIN_STACK_SIZE))
                0x20010000                PROVIDE (_estack, __main_stack_start)
                0x00000000                PROVIDE (__mirrored_nvm, 0x0)

.text           0x20000000     0x79c8
 CREATE_OBJECT_SYMBOLS
                0x20000000                __text_load = LOADADDR (.text)
                0x20000000                __text_start = .
                0x20000000                __vector_table_vma_base_address = .
 *(.isr_vector)
 .isr_vector    0x20000000      0x470 C:/Users/fuhu/Desktop/373final/irc/SoftConsole/infr_MSS_CM3_0/infr_MSS_CM3_0_hw_platform/Debug/CMSIS/startup_gcc/startup_a2fxxxm3.o
                0x20000000                g_pfnVectors
                0x20000298                Reset_Handler
                0x20000308                NMI_Handler
                0x2000030a                HardFault_Handler
                0x2000030c                MemManage_Handler
                0x2000030e                BusFault_Handler
                0x20000310                UsageFault_Handler
                0x20000312                SVC_Handler
                0x20000314                DebugMon_Handler
                0x20000316                PendSV_Handler
                0x20000318                SysTick_Handler
                0x2000031a                WdogWakeup_IRQHandler
                0x2000031c                BrownOut_1_5V_IRQHandler
                0x2000031e                BrownOut_3_3V_IRQHandler
                0x20000320                RTC_Match_IRQHandler
                0x20000322                RTCIF_Pub_IRQHandler
                0x20000324                EthernetMAC_IRQHandler
                0x20000326                IAP_IRQHandler
                0x20000328                ENVM0_IRQHandler
                0x2000032a                ENVM1_IRQHandler
                0x2000032c                DMA_IRQHandler
                0x20000332                SPI0_IRQHandler
                0x20000334                SPI1_IRQHandler
                0x20000338                I2C0_SMBAlert_IRQHandler
                0x2000033a                I2C0_SMBus_IRQHandler
                0x2000033e                I2C1_SMBAlert_IRQHandler
                0x20000340                I2C1_SMBus_IRQHandler
                0x20000342                Timer1_IRQHandler
                0x20000344                Timer2_IRQHandler
                0x20000346                PLL_Lock_IRQHandler
                0x20000348                PLL_LockLost_IRQHandler
                0x2000034a                CommError_IRQHandler
                0x2000034c                Fabric_IRQHandler
                0x2000034e                GPIO0_IRQHandler
                0x20000350                GPIO1_IRQHandler
                0x20000352                GPIO2_IRQHandler
                0x20000354                GPIO3_IRQHandler
                0x20000356                GPIO4_IRQHandler
                0x20000358                GPIO5_IRQHandler
                0x2000035a                GPIO6_IRQHandler
                0x2000035c                GPIO7_IRQHandler
                0x2000035e                GPIO8_IRQHandler
                0x20000360                GPIO9_IRQHandler
                0x20000362                GPIO10_IRQHandler
                0x20000364                GPIO11_IRQHandler
                0x20000366                GPIO12_IRQHandler
                0x20000368                GPIO13_IRQHandler
                0x2000036a                GPIO14_IRQHandler
                0x2000036c                GPIO15_IRQHandler
                0x2000036e                GPIO16_IRQHandler
                0x20000370                GPIO17_IRQHandler
                0x20000372                GPIO18_IRQHandler
                0x20000374                GPIO19_IRQHandler
                0x20000376                GPIO20_IRQHandler
                0x20000378                GPIO21_IRQHandler
                0x2000037a                GPIO22_IRQHandler
                0x2000037c                GPIO23_IRQHandler
                0x2000037e                GPIO24_IRQHandler
                0x20000380                GPIO25_IRQHandler
                0x20000382                GPIO26_IRQHandler
                0x20000384                GPIO27_IRQHandler
                0x20000386                GPIO28_IRQHandler
                0x20000388                GPIO29_IRQHandler
                0x2000038a                GPIO30_IRQHandler
                0x2000038c                GPIO31_IRQHandler
                0x2000038e                ACE_PC0_Flag0_IRQHandler
                0x20000390                ACE_PC0_Flag1_IRQHandler
                0x20000392                ACE_PC0_Flag2_IRQHandler
                0x20000394                ACE_PC0_Flag3_IRQHandler
                0x20000396                ACE_PC1_Flag0_IRQHandler
                0x20000398                ACE_PC1_Flag1_IRQHandler
                0x2000039a                ACE_PC1_Flag2_IRQHandler
                0x2000039c                ACE_PC1_Flag3_IRQHandler
                0x2000039e                ACE_PC2_Flag0_IRQHandler
                0x200003a0                ACE_PC2_Flag1_IRQHandler
                0x200003a2                ACE_PC2_Flag2_IRQHandler
                0x200003a4                ACE_PC2_Flag3_IRQHandler
                0x200003a6                ACE_ADC0_DataValid_IRQHandler
                0x200003a8                ACE_ADC1_DataValid_IRQHandler
                0x200003aa                ACE_ADC2_DataValid_IRQHandler
                0x200003ac                ACE_ADC0_CalDone_IRQHandler
                0x200003ae                ACE_ADC1_CalDone_IRQHandler
                0x200003b0                ACE_ADC2_CalDone_IRQHandler
                0x200003b2                ACE_ADC0_CalStart_IRQHandler
                0x200003b4                ACE_ADC1_CalStart_IRQHandler
                0x200003b6                ACE_ADC2_CalStart_IRQHandler
                0x200003b8                ACE_Comp0_Fall_IRQHandler
                0x200003ba                ACE_Comp1_Fall_IRQHandler
                0x200003bc                ACE_Comp2_Fall_IRQHandler
                0x200003be                ACE_Comp3_Fall_IRQHandler
                0x200003c0                ACE_Comp4_Fall_IRQHandler
                0x200003c2                ACE_Comp5_Fall_IRQHandler
                0x200003c4                ACE_Comp6_Fall_IRQHandler
                0x200003c6                ACE_Comp7_Fall_IRQHandler
                0x200003c8                ACE_Comp8_Fall_IRQHandler
                0x200003ca                ACE_Comp9_Fall_IRQHandler
                0x200003cc                ACE_Comp10_Fall_IRQHandler
                0x200003ce                ACE_Comp11_Fall_IRQHandler
                0x200003d0                ACE_Comp0_Rise_IRQHandler
                0x200003d2                ACE_Comp1_Rise_IRQHandler
                0x200003d4                ACE_Comp2_Rise_IRQHandler
                0x200003d6                ACE_Comp3_Rise_IRQHandler
                0x200003d8                ACE_Comp4_Rise_IRQHandler
                0x200003da                ACE_Comp5_Rise_IRQHandler
                0x200003dc                ACE_Comp6_Rise_IRQHandler
                0x200003de                ACE_Comp7_Rise_IRQHandler
                0x200003e0                ACE_Comp8_Rise_IRQHandler
                0x200003e2                ACE_Comp9_Rise_IRQHandler
                0x200003e4                ACE_Comp10_Rise_IRQHandler
                0x200003e6                ACE_Comp11_Rise_IRQHandler
                0x200003e8                ACE_ADC0_FifoFull_IRQHandler
                0x200003ea                ACE_ADC0_FifoAFull_IRQHandler
                0x200003ec                ACE_ADC0_FifoEmpty_IRQHandler
                0x200003ee                ACE_ADC1_FifoFull_IRQHandler
                0x200003f0                ACE_ADC1_FifoAFull_IRQHandler
                0x200003f2                ACE_ADC1_FifoEmpty_IRQHandler
                0x200003f4                ACE_ADC2_FifoFull_IRQHandler
                0x200003f6                ACE_ADC2_FifoAFull_IRQHandler
                0x200003f8                ACE_ADC2_FifoEmpty_IRQHandler
                0x200003fa                ACE_PPE_Flag0_IRQHandler
                0x200003fc                ACE_PPE_Flag1_IRQHandler
                0x200003fe                ACE_PPE_Flag2_IRQHandler
                0x20000400                ACE_PPE_Flag3_IRQHandler
                0x20000402                ACE_PPE_Flag4_IRQHandler
                0x20000404                ACE_PPE_Flag5_IRQHandler
                0x20000406                ACE_PPE_Flag6_IRQHandler
                0x20000408                ACE_PPE_Flag7_IRQHandler
                0x2000040a                ACE_PPE_Flag8_IRQHandler
                0x2000040c                ACE_PPE_Flag9_IRQHandler
                0x2000040e                ACE_PPE_Flag10_IRQHandler
                0x20000410                ACE_PPE_Flag11_IRQHandler
                0x20000412                ACE_PPE_Flag12_IRQHandler
                0x20000414                ACE_PPE_Flag13_IRQHandler
                0x20000416                ACE_PPE_Flag14_IRQHandler
                0x20000418                ACE_PPE_Flag15_IRQHandler
                0x2000041a                ACE_PPE_Flag16_IRQHandler
                0x2000041c                ACE_PPE_Flag17_IRQHandler
                0x2000041e                ACE_PPE_Flag18_IRQHandler
                0x20000420                ACE_PPE_Flag19_IRQHandler
                0x20000422                ACE_PPE_Flag20_IRQHandler
                0x20000424                ACE_PPE_Flag21_IRQHandler
                0x20000426                ACE_PPE_Flag22_IRQHandler
                0x20000428                ACE_PPE_Flag23_IRQHandler
                0x2000042a                ACE_PPE_Flag24_IRQHandler
                0x2000042c                ACE_PPE_Flag25_IRQHandler
                0x2000042e                ACE_PPE_Flag26_IRQHandler
                0x20000430                ACE_PPE_Flag27_IRQHandler
                0x20000432                ACE_PPE_Flag28_IRQHandler
                0x20000434                ACE_PPE_Flag29_IRQHandler
                0x20000436                ACE_PPE_Flag30_IRQHandler
                0x20000438                ACE_PPE_Flag31_IRQHandler
 *(.text .text.* .gnu.linkonce.t.*)
 .text          0x20000470       0x30 c:/microsemi/softconsole v3.3/sourcery-g++/bin/../lib/gcc/arm-none-eabi/4.4.1/thumb2/crtbegin.o
 .text.main     0x200004a0      0x130 ./main.o
                0x200004a0                main
 .text._close   0x200005d0        0x8 C:/Users/fuhu/Desktop/373final/irc/SoftConsole/infr_MSS_CM3_0/infr_MSS_CM3_0_hw_platform/Debug/CMSIS/startup_gcc/newlib_stubs.o
                0x200005d0                _close
 .text._exit    0x200005d8        0x4 C:/Users/fuhu/Desktop/373final/irc/SoftConsole/infr_MSS_CM3_0/infr_MSS_CM3_0_hw_platform/Debug/CMSIS/startup_gcc/newlib_stubs.o
                0x200005d8                _exit
 .text._fstat   0x200005dc        0xc C:/Users/fuhu/Desktop/373final/irc/SoftConsole/infr_MSS_CM3_0/infr_MSS_CM3_0_hw_platform/Debug/CMSIS/startup_gcc/newlib_stubs.o
                0x200005dc                _fstat
 .text._isatty  0x200005e8        0x8 C:/Users/fuhu/Desktop/373final/irc/SoftConsole/infr_MSS_CM3_0/infr_MSS_CM3_0_hw_platform/Debug/CMSIS/startup_gcc/newlib_stubs.o
                0x200005e8                _isatty
 .text._lseek   0x200005f0        0x8 C:/Users/fuhu/Desktop/373final/irc/SoftConsole/infr_MSS_CM3_0/infr_MSS_CM3_0_hw_platform/Debug/CMSIS/startup_gcc/newlib_stubs.o
                0x200005f0                _lseek
 .text._read    0x200005f8        0x8 C:/Users/fuhu/Desktop/373final/irc/SoftConsole/infr_MSS_CM3_0/infr_MSS_CM3_0_hw_platform/Debug/CMSIS/startup_gcc/newlib_stubs.o
                0x200005f8                _read
 .text._write_r
                0x20000600       0x48 C:/Users/fuhu/Desktop/373final/irc/SoftConsole/infr_MSS_CM3_0/infr_MSS_CM3_0_hw_platform/Debug/CMSIS/startup_gcc/newlib_stubs.o
                0x20000600                _write_r
 .text._sbrk    0x20000648       0x64 C:/Users/fuhu/Desktop/373final/irc/SoftConsole/infr_MSS_CM3_0/infr_MSS_CM3_0_hw_platform/Debug/CMSIS/startup_gcc/newlib_stubs.o
                0x20000648                _sbrk
 .text.MSS_UART_polled_tx
                0x200006ac       0xac C:\Users\fuhu\Desktop\373final\irc\SoftConsole\infr_MSS_CM3_0\infr_MSS_CM3_0_hw_platform\Debug\libinfr_MSS_CM3_0_hw_platform.a(mss_uart.o)
                0x200006ac                MSS_UART_polled_tx
 .text.MSS_UART_isr
                0x20000758       0x70 C:\Users\fuhu\Desktop\373final\irc\SoftConsole\infr_MSS_CM3_0\infr_MSS_CM3_0_hw_platform\Debug\libinfr_MSS_CM3_0_hw_platform.a(mss_uart.o)
 .text.default_tx_handler
                0x200007c8       0xa8 C:\Users\fuhu\Desktop\373final\irc\SoftConsole\infr_MSS_CM3_0\infr_MSS_CM3_0_hw_platform\Debug\libinfr_MSS_CM3_0_hw_platform.a(mss_uart.o)
 .text.UART0_IRQHandler
                0x20000870       0x30 C:\Users\fuhu\Desktop\373final\irc\SoftConsole\infr_MSS_CM3_0\infr_MSS_CM3_0_hw_platform\Debug\libinfr_MSS_CM3_0_hw_platform.a(mss_uart.o)
                0x20000870                UART0_IRQHandler
 .text.UART1_IRQHandler
                0x200008a0       0x30 C:\Users\fuhu\Desktop\373final\irc\SoftConsole\infr_MSS_CM3_0\infr_MSS_CM3_0_hw_platform\Debug\libinfr_MSS_CM3_0_hw_platform.a(mss_uart.o)
                0x200008a0                UART1_IRQHandler
 .text.MSS_UART_init
                0x200008d0      0x150 C:\Users\fuhu\Desktop\373final\irc\SoftConsole\infr_MSS_CM3_0\infr_MSS_CM3_0_hw_platform\Debug\libinfr_MSS_CM3_0_hw_platform.a(mss_uart.o)
                0x200008d0                MSS_UART_init
 .text.MSS_I2C_wait_complete
                0x20000a20       0x28 C:\Users\fuhu\Desktop\373final\irc\SoftConsole\infr_MSS_CM3_0\infr_MSS_CM3_0_hw_platform\Debug\libinfr_MSS_CM3_0_hw_platform.a(mss_i2c.o)
                0x20000a20                MSS_I2C_wait_complete
 .text.enable_slave_if_required
                0x20000a48       0x10 C:\Users\fuhu\Desktop\373final\irc\SoftConsole\infr_MSS_CM3_0\infr_MSS_CM3_0_hw_platform\Debug\libinfr_MSS_CM3_0_hw_platform.a(mss_i2c.o)
 .text.mss_i2c_isr
                0x20000a58      0x594 C:\Users\fuhu\Desktop\373final\irc\SoftConsole\infr_MSS_CM3_0\infr_MSS_CM3_0_hw_platform\Debug\libinfr_MSS_CM3_0_hw_platform.a(mss_i2c.o)
 .text.I2C0_IRQHandler
                0x20000fec       0x30 C:\Users\fuhu\Desktop\373final\irc\SoftConsole\infr_MSS_CM3_0\infr_MSS_CM3_0_hw_platform\Debug\libinfr_MSS_CM3_0_hw_platform.a(mss_i2c.o)
                0x20000fec                I2C0_IRQHandler
 .text.I2C1_IRQHandler
                0x2000101c       0x30 C:\Users\fuhu\Desktop\373final\irc\SoftConsole\infr_MSS_CM3_0\infr_MSS_CM3_0_hw_platform\Debug\libinfr_MSS_CM3_0_hw_platform.a(mss_i2c.o)
                0x2000101c                I2C1_IRQHandler
 .text.disable_interrupts
                0x2000104c       0x14 C:\Users\fuhu\Desktop\373final\irc\SoftConsole\infr_MSS_CM3_0\infr_MSS_CM3_0_hw_platform\Debug\libinfr_MSS_CM3_0_hw_platform.a(mss_i2c.o)
 .text.restore_interrupts
                0x20001060        0x8 C:\Users\fuhu\Desktop\373final\irc\SoftConsole\infr_MSS_CM3_0\infr_MSS_CM3_0_hw_platform\Debug\libinfr_MSS_CM3_0_hw_platform.a(mss_i2c.o)
 .text.MSS_I2C_write
                0x20001068       0xdc C:\Users\fuhu\Desktop\373final\irc\SoftConsole\infr_MSS_CM3_0\infr_MSS_CM3_0_hw_platform\Debug\libinfr_MSS_CM3_0_hw_platform.a(mss_i2c.o)
                0x20001068                MSS_I2C_write
 .text.MSS_I2C_init
                0x20001144      0x11c C:\Users\fuhu\Desktop\373final\irc\SoftConsole\infr_MSS_CM3_0\infr_MSS_CM3_0_hw_platform\Debug\libinfr_MSS_CM3_0_hw_platform.a(mss_i2c.o)
                0x20001144                MSS_I2C_init
 .text.__get_PRIMASK
                0x20001260        0x8 C:\Users\fuhu\Desktop\373final\irc\SoftConsole\infr_MSS_CM3_0\infr_MSS_CM3_0_hw_platform\Debug\libinfr_MSS_CM3_0_hw_platform.a(core_cm3.o)
                0x20001260                __get_PRIMASK
 .text.__set_PRIMASK
                0x20001268        0x8 C:\Users\fuhu\Desktop\373final\irc\SoftConsole\infr_MSS_CM3_0\infr_MSS_CM3_0_hw_platform\Debug\libinfr_MSS_CM3_0_hw_platform.a(core_cm3.o)
                0x20001268                __set_PRIMASK
 .text.SystemInit
                0x20001270        0x4 C:\Users\fuhu\Desktop\373final\irc\SoftConsole\infr_MSS_CM3_0\infr_MSS_CM3_0_hw_platform\Debug\libinfr_MSS_CM3_0_hw_platform.a(system_a2fxxxm3.o)
                0x20001270                SystemInit
 .text.SystemCoreClockUpdate
                0x20001274      0x130 C:\Users\fuhu\Desktop\373final\irc\SoftConsole\infr_MSS_CM3_0\infr_MSS_CM3_0_hw_platform\Debug\libinfr_MSS_CM3_0_hw_platform.a(system_a2fxxxm3.o)
                0x20001274                SystemCoreClockUpdate
 .text          0x200013a4       0x50 c:/microsemi/softconsole v3.3/sourcery-g++/bin/../lib/gcc/arm-none-eabi/4.4.1/../../../../arm-none-eabi/lib/thumb2\libc.a(lib_a-init.o)
                0x200013a4                __libc_init_array
 .text          0x200013f4       0xd4 c:/microsemi/softconsole v3.3/sourcery-g++/bin/../lib/gcc/arm-none-eabi/4.4.1/../../../../arm-none-eabi/lib/thumb2\libc.a(lib_a-memset.o)
                0x200013f4                memset
 .text          0x200014c8       0x64 c:/microsemi/softconsole v3.3/sourcery-g++/bin/../lib/gcc/arm-none-eabi/4.4.1/../../../../arm-none-eabi/lib/thumb2\libc.a(lib_a-printf.o)
                0x200014c8                printf
                0x20001500                _printf_r
 .text          0x2000152c     0x1940 c:/microsemi/softconsole v3.3/sourcery-g++/bin/../lib/gcc/arm-none-eabi/4.4.1/../../../../arm-none-eabi/lib/thumb2\libc.a(lib_a-vfprintf.o)
                0x20001548                _vfprintf_r
                0x20002e50                vfprintf
 .text          0x20002e6c      0x104 c:/microsemi/softconsole v3.3/sourcery-g++/bin/../lib/gcc/arm-none-eabi/4.4.1/../../../../arm-none-eabi/lib/thumb2\libc.a(lib_a-wsetup.o)
                0x20002e6c                __swsetup_r
 .text          0x20002f70      0xfb8 c:/microsemi/softconsole v3.3/sourcery-g++/bin/../lib/gcc/arm-none-eabi/4.4.1/../../../../arm-none-eabi/lib/thumb2\libc.a(lib_a-dtoa.o)
                0x20003090                _dtoa_r
 .text          0x20003f28      0x178 c:/microsemi/softconsole v3.3/sourcery-g++/bin/../lib/gcc/arm-none-eabi/4.4.1/../../../../arm-none-eabi/lib/thumb2\libc.a(lib_a-fflush.o)
                0x20003f28                _fflush_r
                0x20004078                fflush
 .text          0x200040a0      0x1c8 c:/microsemi/softconsole v3.3/sourcery-g++/bin/../lib/gcc/arm-none-eabi/4.4.1/../../../../arm-none-eabi/lib/thumb2\libc.a(lib_a-findfp.o)
                0x200040a0                __sfp_lock_acquire
                0x200040a4                __sfp_lock_release
                0x200040a8                __sinit_lock_acquire
                0x200040ac                __sinit_lock_release
                0x200040b8                __fp_unlock_all
                0x200040d0                __fp_lock_all
                0x200040e8                _cleanup_r
                0x200040f4                _cleanup
                0x20004150                __sfmoreglue
                0x20004180                __sfp
                0x20004208                __sinit
 .text          0x20004268      0x268 c:/microsemi/softconsole v3.3/sourcery-g++/bin/../lib/gcc/arm-none-eabi/4.4.1/../../../../arm-none-eabi/lib/thumb2\libc.a(lib_a-freer.o)
                0x20004268                _malloc_trim_r
                0x20004310                _free_r
 .text          0x200044d0      0x334 c:/microsemi/softconsole v3.3/sourcery-g++/bin/../lib/gcc/arm-none-eabi/4.4.1/../../../../arm-none-eabi/lib/thumb2\libc.a(lib_a-fvwrite.o)
                0x200044d0                __sfvwrite_r
 .text          0x20004804       0xa0 c:/microsemi/softconsole v3.3/sourcery-g++/bin/../lib/gcc/arm-none-eabi/4.4.1/../../../../arm-none-eabi/lib/thumb2\libc.a(lib_a-fwalk.o)
                0x20004804                _fwalk_reent
                0x20004858                _fwalk
 .text          0x200048a4       0x74 c:/microsemi/softconsole v3.3/sourcery-g++/bin/../lib/gcc/arm-none-eabi/4.4.1/../../../../arm-none-eabi/lib/thumb2\libc.a(lib_a-locale.o)
                0x200048a4                __locale_charset
                0x200048b0                _localeconv_r
                0x200048b8                localeconv
                0x200048c0                _setlocale_r
                0x20004908                setlocale
 .text          0x20004918       0xdc c:/microsemi/softconsole v3.3/sourcery-g++/bin/../lib/gcc/arm-none-eabi/4.4.1/../../../../arm-none-eabi/lib/thumb2\libc.a(lib_a-makebuf.o)
                0x20004918                __smakebuf_r
 .text          0x200049f4       0x20 c:/microsemi/softconsole v3.3/sourcery-g++/bin/../lib/gcc/arm-none-eabi/4.4.1/../../../../arm-none-eabi/lib/thumb2\libc.a(lib_a-malloc.o)
                0x200049f4                free
                0x20004a04                malloc
 .text          0x20004a14      0x5a4 c:/microsemi/softconsole v3.3/sourcery-g++/bin/../lib/gcc/arm-none-eabi/4.4.1/../../../../arm-none-eabi/lib/thumb2\libc.a(lib_a-mallocr.o)
                0x20004a14                _malloc_r
 .text          0x20004fb8       0x74 c:/microsemi/softconsole v3.3/sourcery-g++/bin/../lib/gcc/arm-none-eabi/4.4.1/../../../../arm-none-eabi/lib/thumb2\libc.a(lib_a-memchr.o)
                0x20004fb8                memchr
 .text          0x2000502c      0x190 c:/microsemi/softconsole v3.3/sourcery-g++/bin/../lib/gcc/arm-none-eabi/4.4.1/../../../../arm-none-eabi/lib/thumb2\libc.a(lib_a-memcpy.o)
                0x2000502c                memcpy
 .text          0x200051bc       0xb8 c:/microsemi/softconsole v3.3/sourcery-g++/bin/../lib/gcc/arm-none-eabi/4.4.1/../../../../arm-none-eabi/lib/thumb2\libc.a(lib_a-memmove.o)
                0x200051bc                memmove
 .text          0x20005274        0x8 c:/microsemi/softconsole v3.3/sourcery-g++/bin/../lib/gcc/arm-none-eabi/4.4.1/../../../../arm-none-eabi/lib/thumb2\libc.a(lib_a-mlock.o)
                0x20005274                __malloc_lock
                0x20005278                __malloc_unlock
 .text          0x2000527c      0x958 c:/microsemi/softconsole v3.3/sourcery-g++/bin/../lib/gcc/arm-none-eabi/4.4.1/../../../../arm-none-eabi/lib/thumb2\libc.a(lib_a-mprec.o)
                0x2000527c                __hi0bits
                0x200052bc                __lo0bits
                0x20005320                __mcmp
                0x20005360                __ulp
                0x200053ac                __b2d
                0x20005454                __ratio
                0x200054b4                _mprec_log10
                0x200054ec                __copybits
                0x2000553c                __any_on
                0x20005594                _Bfree
                0x200055cc                _Balloc
                0x20005638                __d2b
                0x20005708                __mdiff
                0x20005800                __lshift
                0x200058bc                __multiply
                0x200059f0                __i2b
                0x20005a04                __multadd
                0x20005a8c                __pow5mult
                0x20005b38                __s2b
 .text          0x20005bd4      0x3b4 c:/microsemi/softconsole v3.3/sourcery-g++/bin/../lib/gcc/arm-none-eabi/4.4.1/../../../../arm-none-eabi/lib/thumb2\libc.a(lib_a-reallocr.o)
                0x20005bd4                _realloc_r
 .text          0x20005f88       0x24 c:/microsemi/softconsole v3.3/sourcery-g++/bin/../lib/gcc/arm-none-eabi/4.4.1/../../../../arm-none-eabi/lib/thumb2\libc.a(lib_a-s_isinfd.o)
                0x20005f88                __isinfd
 .text          0x20005fac       0x1c c:/microsemi/softconsole v3.3/sourcery-g++/bin/../lib/gcc/arm-none-eabi/4.4.1/../../../../arm-none-eabi/lib/thumb2\libc.a(lib_a-s_isnand.o)
                0x20005fac                __isnand
 .text          0x20005fc8       0x28 c:/microsemi/softconsole v3.3/sourcery-g++/bin/../lib/gcc/arm-none-eabi/4.4.1/../../../../arm-none-eabi/lib/thumb2\libc.a(lib_a-sbrkr.o)
                0x20005fc8                _sbrk_r
 .text          0x20005ff0       0x90 c:/microsemi/softconsole v3.3/sourcery-g++/bin/../lib/gcc/arm-none-eabi/4.4.1/../../../../arm-none-eabi/lib/thumb2\libc.a(lib_a-stdio.o)
                0x20005ff0                __sclose
                0x20005ff8                __sseek
                0x20006020                __swrite
                0x2000605c                __sread
 .text          0x20006080      0x1dc c:/microsemi/softconsole v3.3/sourcery-g++/bin/../lib/gcc/arm-none-eabi/4.4.1/../../../../arm-none-eabi/lib/thumb2\libc.a(lib_a-strcmp.o)
                0x20006080                strcmp
 .text          0x2000625c       0x60 c:/microsemi/softconsole v3.3/sourcery-g++/bin/../lib/gcc/arm-none-eabi/4.4.1/../../../../arm-none-eabi/lib/thumb2\libc.a(lib_a-strlen.o)
                0x2000625c                strlen
 .text          0x200062bc       0x5c c:/microsemi/softconsole v3.3/sourcery-g++/bin/../lib/gcc/arm-none-eabi/4.4.1/../../../../arm-none-eabi/lib/thumb2\libc.a(lib_a-callocr.o)
                0x200062bc                _calloc_r
 .text          0x20006318       0x28 c:/microsemi/softconsole v3.3/sourcery-g++/bin/../lib/gcc/arm-none-eabi/4.4.1/../../../../arm-none-eabi/lib/thumb2\libc.a(lib_a-closer.o)
                0x20006318                _close_r
 .text          0x20006340       0xcc c:/microsemi/softconsole v3.3/sourcery-g++/bin/../lib/gcc/arm-none-eabi/4.4.1/../../../../arm-none-eabi/lib/thumb2\libc.a(lib_a-fclose.o)
                0x20006340                _fclose_r
                0x200063fc                fclose
 .text          0x2000640c       0x2c c:/microsemi/softconsole v3.3/sourcery-g++/bin/../lib/gcc/arm-none-eabi/4.4.1/../../../../arm-none-eabi/lib/thumb2\libc.a(lib_a-fstatr.o)
                0x2000640c                _fstat_r
 .text          0x20006438       0x28 c:/microsemi/softconsole v3.3/sourcery-g++/bin/../lib/gcc/arm-none-eabi/4.4.1/../../../../arm-none-eabi/lib/thumb2\libc.a(lib_a-isattyr.o)
                0x20006438                _isatty_r
 .text          0x20006460       0x2c c:/microsemi/softconsole v3.3/sourcery-g++/bin/../lib/gcc/arm-none-eabi/4.4.1/../../../../arm-none-eabi/lib/thumb2\libc.a(lib_a-lseekr.o)
                0x20006460                _lseek_r
 .text          0x2000648c       0x2c c:/microsemi/softconsole v3.3/sourcery-g++/bin/../lib/gcc/arm-none-eabi/4.4.1/../../../../arm-none-eabi/lib/thumb2\libc.a(lib_a-readr.o)
                0x2000648c                _read_r
 .text          0x200064b8      0x278 c:/microsemi/softconsole v3.3/sourcery-g++/bin/../lib/gcc/arm-none-eabi/4.4.1/thumb2\libgcc.a(_udivsi3.o)
                0x200064b8                __aeabi_uidiv
                0x200064b8                __udivsi3
                0x20006714                __aeabi_uidivmod
 .text          0x20006730        0x4 c:/microsemi/softconsole v3.3/sourcery-g++/bin/../lib/gcc/arm-none-eabi/4.4.1/thumb2\libgcc.a(_dvmd_tls.o)
                0x20006730                __aeabi_idiv0
                0x20006730                __aeabi_ldiv0
 .text          0x20006734      0x370 c:/microsemi/softconsole v3.3/sourcery-g++/bin/../lib/gcc/arm-none-eabi/4.4.1/thumb2\libgcc.a(_arm_addsubdf3.o)
                0x20006734                __aeabi_drsub
                0x2000673c                __aeabi_dsub
                0x2000673c                __subdf3
                0x20006740                __aeabi_dadd
                0x20006740                __adddf3
                0x200069b8                __floatunsidf
                0x200069b8                __aeabi_ui2d
                0x200069d8                __floatsidf
                0x200069d8                __aeabi_i2d
                0x200069fc                __aeabi_f2d
                0x200069fc                __extendsfdf2
                0x20006a38                __floatundidf
                0x20006a38                __aeabi_ul2d
                0x20006a48                __floatdidf
                0x20006a48                __aeabi_l2d
 .text          0x20006aa4      0x424 c:/microsemi/softconsole v3.3/sourcery-g++/bin/../lib/gcc/arm-none-eabi/4.4.1/thumb2\libgcc.a(_arm_muldivdf3.o)
                0x20006aa4                __aeabi_dmul
                0x20006aa4                __muldf3
                0x20006cf8                __divdf3
                0x20006cf8                __aeabi_ddiv
 .text          0x20006ec8      0x110 c:/microsemi/softconsole v3.3/sourcery-g++/bin/../lib/gcc/arm-none-eabi/4.4.1/thumb2\libgcc.a(_arm_cmpdf2.o)
                0x20006ec8                __gtdf2
                0x20006ec8                __gedf2
                0x20006ed0                __ltdf2
                0x20006ed0                __ledf2
                0x20006ed8                __nedf2
                0x20006ed8                __eqdf2
                0x20006ed8                __cmpdf2
                0x20006f54                __aeabi_cdrcmple
                0x20006f64                __aeabi_cdcmpeq
                0x20006f64                __aeabi_cdcmple
                0x20006f74                __aeabi_dcmpeq
                0x20006f88                __aeabi_dcmplt
                0x20006f9c                __aeabi_dcmple
                0x20006fb0                __aeabi_dcmpge
                0x20006fc4                __aeabi_dcmpgt
 .text          0x20006fd8       0x50 c:/microsemi/softconsole v3.3/sourcery-g++/bin/../lib/gcc/arm-none-eabi/4.4.1/thumb2\libgcc.a(_arm_fixdfsi.o)
                0x20006fd8                __aeabi_d2iz
                0x20006fd8                __fixdfsi
 .text          0x20007028       0x2c c:/microsemi/softconsole v3.3/sourcery-g++/bin/../lib/gcc/arm-none-eabi/4.4.1/thumb2\libgcc.a(_aeabi_uldivmod.o)
                0x20007028                __aeabi_uldivmod
 .text          0x20007054       0x58 c:/microsemi/softconsole v3.3/sourcery-g++/bin/../lib/gcc/arm-none-eabi/4.4.1/thumb2\libgcc.a(bpabi.o)
                0x20007054                __gnu_uldivmod_helper
                0x20007080                __gnu_ldivmod_helper
 .text          0x200070ac      0x364 c:/microsemi/softconsole v3.3/sourcery-g++/bin/../lib/gcc/arm-none-eabi/4.4.1/thumb2\libgcc.a(_divdi3.o)
                0x200070ac                __divdi3
 .text          0x20007410      0x300 c:/microsemi/softconsole v3.3/sourcery-g++/bin/../lib/gcc/arm-none-eabi/4.4.1/thumb2\libgcc.a(_udivdi3.o)
                0x20007410                __udivdi3
 *(.plt)
 *(.gnu.warning)
 *(.glue_7t)
 .glue_7t       0x00000000        0x0 linker stubs
 *(.glue_7)
 .glue_7        0x00000000        0x0 linker stubs
 *(.vfp11_veneer)
 .vfp11_veneer  0x00000000        0x0 linker stubs
                0x20007710                . = ALIGN (0x4)
 *crtbegin.o(.ctors)
 *(EXCLUDE_FILE(*crtend.o) .ctors)
 *(SORT(.ctors.*))
 *crtend.o(.ctors)
 *crtbegin.o(.dtors)
 *(EXCLUDE_FILE(*crtend.o) .dtors)
 *(SORT(.dtors.*))
 *crtend.o(.dtors)
 *(.rodata .rodata.* .gnu.linkonce.r.*)
 .rodata.C.21.3638
                0x20007710        0x4 ./main.o
 .rodata.C.17.3634
                0x20007714        0x4 ./main.o
 .rodata.C.20.3637
                0x20007718        0x4 ./main.o
 .rodata.C.16.3633
                0x2000771c        0x4 ./main.o
 .rodata.str1.4
                0x20007720        0xc ./main.o
 .rodata.C.19.3636
                0x2000772c        0x4 ./main.o
 .rodata.C.18.3635
                0x20007730        0x4 ./main.o
 .rodata.str1.4
                0x20007734       0x1a C:/Users/fuhu/Desktop/373final/irc/SoftConsole/infr_MSS_CM3_0/infr_MSS_CM3_0_hw_platform/Debug/CMSIS/startup_gcc/newlib_stubs.o
                                 0x1c (size before relaxing)
 *fill*         0x2000774e        0x2 00
 .rodata.C.16.2565
                0x20007750       0x10 C:\Users\fuhu\Desktop\373final\irc\SoftConsole\infr_MSS_CM3_0\infr_MSS_CM3_0_hw_platform\Debug\libinfr_MSS_CM3_0_hw_platform.a(system_a2fxxxm3.o)
 .rodata        0x20007760        0x4 c:/microsemi/softconsole v3.3/sourcery-g++/bin/../lib/gcc/arm-none-eabi/4.4.1/../../../../arm-none-eabi/lib/thumb2\libc.a(lib_a-impure.o)
                0x20007760                _global_impure_ptr
 .rodata.str1.4
                0x20007764        0x2 c:/microsemi/softconsole v3.3/sourcery-g++/bin/../lib/gcc/arm-none-eabi/4.4.1/../../../../arm-none-eabi/lib/thumb2\libc.a(lib_a-impure.o)
                                  0x4 (size before relaxing)
 *fill*         0x20007766        0x2 00
 .rodata        0x20007768       0x20 c:/microsemi/softconsole v3.3/sourcery-g++/bin/../lib/gcc/arm-none-eabi/4.4.1/../../../../arm-none-eabi/lib/thumb2\libc.a(lib_a-vfprintf.o)
 .rodata.str1.4
                0x20007788       0x42 c:/microsemi/softconsole v3.3/sourcery-g++/bin/../lib/gcc/arm-none-eabi/4.4.1/../../../../arm-none-eabi/lib/thumb2\libc.a(lib_a-vfprintf.o)
                                 0x44 (size before relaxing)
 *fill*         0x200077ca        0x2 00
 .rodata.str1.4
                0x200077cc       0x10 c:/microsemi/softconsole v3.3/sourcery-g++/bin/../lib/gcc/arm-none-eabi/4.4.1/../../../../arm-none-eabi/lib/thumb2\libc.a(lib_a-dtoa.o)
                                 0x14 (size before relaxing)
 .rodata        0x200077dc       0x60 c:/microsemi/softconsole v3.3/sourcery-g++/bin/../lib/gcc/arm-none-eabi/4.4.1/../../../../arm-none-eabi/lib/thumb2\libc.a(lib_a-findfp.o)
                0x200077dc                __sf_fake_stdin
                0x200077fc                __sf_fake_stdout
                0x2000781c                __sf_fake_stderr
 .rodata        0x2000783c       0x34 c:/microsemi/softconsole v3.3/sourcery-g++/bin/../lib/gcc/arm-none-eabi/4.4.1/../../../../arm-none-eabi/lib/thumb2\libc.a(lib_a-locale.o)
 .rodata.str1.4
                0x20007870       0x10 c:/microsemi/softconsole v3.3/sourcery-g++/bin/../lib/gcc/arm-none-eabi/4.4.1/../../../../arm-none-eabi/lib/thumb2\libc.a(lib_a-locale.o)
                                 0x18 (size before relaxing)
 .rodata        0x20007880      0x128 c:/microsemi/softconsole v3.3/sourcery-g++/bin/../lib/gcc/arm-none-eabi/4.4.1/../../../../arm-none-eabi/lib/thumb2\libc.a(lib_a-mprec.o)
                0x20007880                __mprec_tens
                0x20007958                __mprec_bigtens
                0x20007980                __mprec_tinytens
 *(.ARM.extab* .gnu.linkonce.armextab.*)
 *(.gcc_except_table)
 *(.eh_frame_hdr)
 *(.eh_frame)
 *(.init)
 .init          0x200079a8        0x4 c:/microsemi/softconsole v3.3/sourcery-g++/bin/../lib/gcc/arm-none-eabi/4.4.1/thumb2/crti.o
                0x200079a8                _init
 .init          0x200079ac        0x8 c:/microsemi/softconsole v3.3/sourcery-g++/bin/../lib/gcc/arm-none-eabi/4.4.1/thumb2/crtn.o
 *(.fini)
 .fini          0x200079b4        0x4 c:/microsemi/softconsole v3.3/sourcery-g++/bin/../lib/gcc/arm-none-eabi/4.4.1/thumb2/crti.o
                0x200079b4                _fini
 .fini          0x200079b8        0x8 c:/microsemi/softconsole v3.3/sourcery-g++/bin/../lib/gcc/arm-none-eabi/4.4.1/thumb2/crtn.o
                0x200079c0                PROVIDE (__preinit_array_start, .)
 *(.preinit_array)
                0x200079c0                PROVIDE (__preinit_array_end, .)
                0x200079c0                PROVIDE (__init_array_start, .)
 *(SORT(.init_array.*))
 *(.init_array)
 .init_array    0x200079c0        0x4 c:/microsemi/softconsole v3.3/sourcery-g++/bin/../lib/gcc/arm-none-eabi/4.4.1/thumb2/crtbegin.o
                0x200079c4                PROVIDE (__init_array_end, .)
                0x200079c4                PROVIDE (__fini_array_start, .)
 *(.fini_array)
 .fini_array    0x200079c4        0x4 c:/microsemi/softconsole v3.3/sourcery-g++/bin/../lib/gcc/arm-none-eabi/4.4.1/thumb2/crtbegin.o
 *(SORT(.fini_array.*))
                0x200079c8                PROVIDE (__fini_array_end, .)
                0x200079c8                __exidx_start = .

.v4_bx          0x200079c8        0x0
 .v4_bx         0x00000000        0x0 linker stubs

.ARM.exidx      0x200079c8        0x8
 *(.ARM.exidx* .gnu.linkonce.armexidx.*)
 .ARM.exidx     0x200079c8        0x8 c:/microsemi/softconsole v3.3/sourcery-g++/bin/../lib/gcc/arm-none-eabi/4.4.1/thumb2\libgcc.a(_divdi3.o)
 .ARM.exidx     0x200079d0        0x0 c:/microsemi/softconsole v3.3/sourcery-g++/bin/../lib/gcc/arm-none-eabi/4.4.1/thumb2\libgcc.a(_udivdi3.o)
                                  0x8 (size before relaxing)
                0x200079d0                __exidx_end = .
                0x200079d0                _etext = .
                0x200079d0                PROVIDE (__text_end, .)

.data           0x200079d0      0x524
                0x200079d0                __data_load = LOADADDR (.data)
                0x200079d0                _sidata = LOADADDR (.data)
                0x200079d0                __data_start = .
                0x200079d0                _sdata = .
 *(.jcr)
 .jcr           0x200079d0        0x0 c:/microsemi/softconsole v3.3/sourcery-g++/bin/../lib/gcc/arm-none-eabi/4.4.1/thumb2/crtbegin.o
 .jcr           0x200079d0        0x4 c:/microsemi/softconsole v3.3/sourcery-g++/bin/../lib/gcc/arm-none-eabi/4.4.1/thumb2/crtend.o
 *(.got.plt)
 *(.got)
 *(.shdata)
 *(.data .data.* .gnu.linkonce.d.*)
 .data.servo_hor
                0x200079d4        0x4 ./main.o
                0x200079d4                servo_hor
 .data.g_FrequencyACE
                0x200079d8        0x4 C:\Users\fuhu\Desktop\373final\irc\SoftConsole\infr_MSS_CM3_0\infr_MSS_CM3_0_hw_platform\Debug\libinfr_MSS_CM3_0_hw_platform.a(system_a2fxxxm3.o)
                0x200079d8                g_FrequencyACE
 .data.g_FrequencyFPGA
                0x200079dc        0x4 C:\Users\fuhu\Desktop\373final\irc\SoftConsole\infr_MSS_CM3_0\infr_MSS_CM3_0_hw_platform\Debug\libinfr_MSS_CM3_0_hw_platform.a(system_a2fxxxm3.o)
                0x200079dc                g_FrequencyFPGA
 .data.g_FrequencyPCLK0
                0x200079e0        0x4 C:\Users\fuhu\Desktop\373final\irc\SoftConsole\infr_MSS_CM3_0\infr_MSS_CM3_0_hw_platform\Debug\libinfr_MSS_CM3_0_hw_platform.a(system_a2fxxxm3.o)
                0x200079e0                g_FrequencyPCLK0
 .data.g_FrequencyPCLK1
                0x200079e4        0x4 C:\Users\fuhu\Desktop\373final\irc\SoftConsole\infr_MSS_CM3_0\infr_MSS_CM3_0_hw_platform\Debug\libinfr_MSS_CM3_0_hw_platform.a(system_a2fxxxm3.o)
                0x200079e4                g_FrequencyPCLK1
 .data.SystemCoreClock
                0x200079e8        0x4 C:\Users\fuhu\Desktop\373final\irc\SoftConsole\infr_MSS_CM3_0\infr_MSS_CM3_0_hw_platform\Debug\libinfr_MSS_CM3_0_hw_platform.a(system_a2fxxxm3.o)
                0x200079e8                SystemCoreClock
 .data.SystemFrequency
                0x200079ec        0x4 C:\Users\fuhu\Desktop\373final\irc\SoftConsole\infr_MSS_CM3_0\infr_MSS_CM3_0_hw_platform\Debug\libinfr_MSS_CM3_0_hw_platform.a(system_a2fxxxm3.o)
                0x200079ec                SystemFrequency
 .data          0x200079f0       0xf4 c:/microsemi/softconsole v3.3/sourcery-g++/bin/../lib/gcc/arm-none-eabi/4.4.1/../../../../arm-none-eabi/lib/thumb2\libc.a(lib_a-impure.o)
                0x200079f0                _impure_ptr
 .data          0x20007ae4      0x410 c:/microsemi/softconsole v3.3/sourcery-g++/bin/../lib/gcc/arm-none-eabi/4.4.1/../../../../arm-none-eabi/lib/thumb2\libc.a(lib_a-mallocr.o)
                0x20007ae4                __malloc_av_
                0x20007eec                __malloc_sbrk_base
                0x20007ef0                __malloc_trim_threshold
                0x20007ef4                . = ALIGN (0x4)
                0x20007ef4                _edata = .

.bss            0x20007ef4      0x17c
                0x20007ef4                __bss_start__ = .
                0x20007ef4                _sbss = .
 *(.shbss)
 *(.bss .bss.* .gnu.linkonce.b.*)
 .bss           0x20007ef4        0x1 c:/microsemi/softconsole v3.3/sourcery-g++/bin/../lib/gcc/arm-none-eabi/4.4.1/thumb2/crtbegin.o
 *fill*         0x20007ef5        0x3 00
 .bss.g_stdio_uart_init_done
                0x20007ef8        0x4 C:/Users/fuhu/Desktop/373final/irc/SoftConsole/infr_MSS_CM3_0/infr_MSS_CM3_0_hw_platform/Debug/CMSIS/startup_gcc/newlib_stubs.o
 .bss.heap_end.3583
                0x20007efc        0x4 C:/Users/fuhu/Desktop/373final/irc/SoftConsole/infr_MSS_CM3_0/infr_MSS_CM3_0_hw_platform/Debug/CMSIS/startup_gcc/newlib_stubs.o
 .bss           0x20007f00       0x34 c:/microsemi/softconsole v3.3/sourcery-g++/bin/../lib/gcc/arm-none-eabi/4.4.1/../../../../arm-none-eabi/lib/thumb2\libc.a(lib_a-mallocr.o)
                0x20007f00                __malloc_top_pad
                0x20007f04                __malloc_current_mallinfo
                0x20007f2c                __malloc_max_sbrked_mem
                0x20007f30                __malloc_max_total_mem
 *(COMMON)
 COMMON         0x20007f34       0x50 C:\Users\fuhu\Desktop\373final\irc\SoftConsole\infr_MSS_CM3_0\infr_MSS_CM3_0_hw_platform\Debug\libinfr_MSS_CM3_0_hw_platform.a(mss_uart.o)
                0x20007f34                g_mss_uart1
                0x20007f5c                g_mss_uart0
 COMMON         0x20007f84       0xe8 C:\Users\fuhu\Desktop\373final\irc\SoftConsole\infr_MSS_CM3_0\infr_MSS_CM3_0_hw_platform\Debug\libinfr_MSS_CM3_0_hw_platform.a(mss_i2c.o)
                0x20007f84                g_mss_i2c0
                0x20007ff8                g_mss_i2c1
 COMMON         0x2000806c        0x4 c:/microsemi/softconsole v3.3/sourcery-g++/bin/../lib/gcc/arm-none-eabi/4.4.1/../../../../arm-none-eabi/lib/thumb2\libc.a(lib_a-reent.o)
                0x2000806c                errno
                0x20008070                . = ALIGN (0x8)
                0x20008070                __bss_end__ = .
                0x20008070                _end = .
                0x20008070                __end = _end
                0x20008070                _ebss = .
                0x20008070                PROVIDE (end, .)

.stack          0x20008070     0x3000
                0x20008070                . = ALIGN (0x4)
                0x20009070                . = (. + PROCESS_STACK_SIZE)
 *fill*         0x20008070     0x1000 00
                0x20009070                . = ALIGN (0x4)
                0x2000b070                . = (. + MAIN_STACK_SIZE)
 *fill*         0x20009070     0x2000 00
                0x2000b070                . = ALIGN (0x4)

.stab
 *(.stab)

.stabstr
 *(.stabstr)

.debug
 *(.debug)

.line
 *(.line)

.debug_srcinfo
 *(.debug_srcinfo)

.debug_sfnames
 *(.debug_sfnames)

.comment        0x00000000      0x102
 .comment       0x00000000       0x2b ./main.o
 .comment       0x0000002b       0x2b C:/Users/fuhu/Desktop/373final/irc/SoftConsole/infr_MSS_CM3_0/infr_MSS_CM3_0_hw_platform/Debug/CMSIS/startup_gcc/newlib_stubs.o
 .comment       0x00000056       0x2b C:\Users\fuhu\Desktop\373final\irc\SoftConsole\infr_MSS_CM3_0\infr_MSS_CM3_0_hw_platform\Debug\libinfr_MSS_CM3_0_hw_platform.a(mss_uart.o)
 .comment       0x00000081       0x2b C:\Users\fuhu\Desktop\373final\irc\SoftConsole\infr_MSS_CM3_0\infr_MSS_CM3_0_hw_platform\Debug\libinfr_MSS_CM3_0_hw_platform.a(mss_i2c.o)
 .comment       0x000000ac       0x2b C:\Users\fuhu\Desktop\373final\irc\SoftConsole\infr_MSS_CM3_0\infr_MSS_CM3_0_hw_platform\Debug\libinfr_MSS_CM3_0_hw_platform.a(core_cm3.o)
 .comment       0x000000d7       0x2b C:\Users\fuhu\Desktop\373final\irc\SoftConsole\infr_MSS_CM3_0\infr_MSS_CM3_0_hw_platform\Debug\libinfr_MSS_CM3_0_hw_platform.a(system_a2fxxxm3.o)

.debug_aranges  0x00000000      0x388
 *(.debug_aranges)
 .debug_aranges
                0x00000000       0x20 ./main.o
 .debug_aranges
                0x00000020       0xa8 C:/Users/fuhu/Desktop/373final/irc/SoftConsole/infr_MSS_CM3_0/infr_MSS_CM3_0_hw_platform/Debug/CMSIS/startup_gcc/newlib_stubs.o
 .debug_aranges
                0x000000c8       0xc0 C:\Users\fuhu\Desktop\373final\irc\SoftConsole\infr_MSS_CM3_0\infr_MSS_CM3_0_hw_platform\Debug\libinfr_MSS_CM3_0_hw_platform.a(mss_uart.o)
 .debug_aranges
                0x00000188      0x110 C:\Users\fuhu\Desktop\373final\irc\SoftConsole\infr_MSS_CM3_0\infr_MSS_CM3_0_hw_platform\Debug\libinfr_MSS_CM3_0_hw_platform.a(mss_i2c.o)
 .debug_aranges
                0x00000298       0xc8 C:\Users\fuhu\Desktop\373final\irc\SoftConsole\infr_MSS_CM3_0\infr_MSS_CM3_0_hw_platform\Debug\libinfr_MSS_CM3_0_hw_platform.a(core_cm3.o)
 .debug_aranges
                0x00000360       0x28 C:\Users\fuhu\Desktop\373final\irc\SoftConsole\infr_MSS_CM3_0\infr_MSS_CM3_0_hw_platform\Debug\libinfr_MSS_CM3_0_hw_platform.a(system_a2fxxxm3.o)

.debug_pubnames
                0x00000000      0x84c
 *(.debug_pubnames)
 .debug_pubnames
                0x00000000       0x4d ./main.o
 .debug_pubnames
                0x0000004d       0xeb C:/Users/fuhu/Desktop/373final/irc/SoftConsole/infr_MSS_CM3_0/infr_MSS_CM3_0_hw_platform/Debug/CMSIS/startup_gcc/newlib_stubs.o
 .debug_pubnames
                0x00000138      0x21c C:\Users\fuhu\Desktop\373final\irc\SoftConsole\infr_MSS_CM3_0\infr_MSS_CM3_0_hw_platform\Debug\libinfr_MSS_CM3_0_hw_platform.a(mss_uart.o)
 .debug_pubnames
                0x00000354      0x2eb C:\Users\fuhu\Desktop\373final\irc\SoftConsole\infr_MSS_CM3_0\infr_MSS_CM3_0_hw_platform\Debug\libinfr_MSS_CM3_0_hw_platform.a(mss_i2c.o)
 .debug_pubnames
                0x0000063f      0x159 C:\Users\fuhu\Desktop\373final\irc\SoftConsole\infr_MSS_CM3_0\infr_MSS_CM3_0_hw_platform\Debug\libinfr_MSS_CM3_0_hw_platform.a(core_cm3.o)
 .debug_pubnames
                0x00000798       0xb4 C:\Users\fuhu\Desktop\373final\irc\SoftConsole\infr_MSS_CM3_0\infr_MSS_CM3_0_hw_platform\Debug\libinfr_MSS_CM3_0_hw_platform.a(system_a2fxxxm3.o)

.debug_info     0x00000000     0x57d3
 *(.debug_info .gnu.linkonce.wi.*)
 .debug_info    0x00000000      0xbf3 ./main.o
 .debug_info    0x00000bf3     0x10eb C:/Users/fuhu/Desktop/373final/irc/SoftConsole/infr_MSS_CM3_0/infr_MSS_CM3_0_hw_platform/Debug/CMSIS/startup_gcc/newlib_stubs.o
 .debug_info    0x00001cde     0x1740 C:\Users\fuhu\Desktop\373final\irc\SoftConsole\infr_MSS_CM3_0\infr_MSS_CM3_0_hw_platform\Debug\libinfr_MSS_CM3_0_hw_platform.a(mss_uart.o)
 .debug_info    0x0000341e     0x190b C:\Users\fuhu\Desktop\373final\irc\SoftConsole\infr_MSS_CM3_0\infr_MSS_CM3_0_hw_platform\Debug\libinfr_MSS_CM3_0_hw_platform.a(mss_i2c.o)
 .debug_info    0x00004d29      0x535 C:\Users\fuhu\Desktop\373final\irc\SoftConsole\infr_MSS_CM3_0\infr_MSS_CM3_0_hw_platform\Debug\libinfr_MSS_CM3_0_hw_platform.a(core_cm3.o)
 .debug_info    0x0000525e      0x575 C:\Users\fuhu\Desktop\373final\irc\SoftConsole\infr_MSS_CM3_0\infr_MSS_CM3_0_hw_platform\Debug\libinfr_MSS_CM3_0_hw_platform.a(system_a2fxxxm3.o)

.debug_abbrev   0x00000000      0xbb6
 *(.debug_abbrev)
 .debug_abbrev  0x00000000      0x16c ./main.o
 .debug_abbrev  0x0000016c      0x251 C:/Users/fuhu/Desktop/373final/irc/SoftConsole/infr_MSS_CM3_0/infr_MSS_CM3_0_hw_platform/Debug/CMSIS/startup_gcc/newlib_stubs.o
 .debug_abbrev  0x000003bd      0x306 C:\Users\fuhu\Desktop\373final\irc\SoftConsole\infr_MSS_CM3_0\infr_MSS_CM3_0_hw_platform\Debug\libinfr_MSS_CM3_0_hw_platform.a(mss_uart.o)
 .debug_abbrev  0x000006c3      0x2da C:\Users\fuhu\Desktop\373final\irc\SoftConsole\infr_MSS_CM3_0\infr_MSS_CM3_0_hw_platform\Debug\libinfr_MSS_CM3_0_hw_platform.a(mss_i2c.o)
 .debug_abbrev  0x0000099d       0xc5 C:\Users\fuhu\Desktop\373final\irc\SoftConsole\infr_MSS_CM3_0\infr_MSS_CM3_0_hw_platform\Debug\libinfr_MSS_CM3_0_hw_platform.a(core_cm3.o)
 .debug_abbrev  0x00000a62      0x154 C:\Users\fuhu\Desktop\373final\irc\SoftConsole\infr_MSS_CM3_0\infr_MSS_CM3_0_hw_platform\Debug\libinfr_MSS_CM3_0_hw_platform.a(system_a2fxxxm3.o)

.debug_line     0x00000000     0x1ad9
 *(.debug_line)
 .debug_line    0x00000000      0x3f8 ./main.o
 .debug_line    0x000003f8      0x4f7 C:/Users/fuhu/Desktop/373final/irc/SoftConsole/infr_MSS_CM3_0/infr_MSS_CM3_0_hw_platform/Debug/CMSIS/startup_gcc/newlib_stubs.o
 .debug_line    0x000008ef      0x5c9 C:\Users\fuhu\Desktop\373final\irc\SoftConsole\infr_MSS_CM3_0\infr_MSS_CM3_0_hw_platform\Debug\libinfr_MSS_CM3_0_hw_platform.a(mss_uart.o)
 .debug_line    0x00000eb8      0x779 C:\Users\fuhu\Desktop\373final\irc\SoftConsole\infr_MSS_CM3_0\infr_MSS_CM3_0_hw_platform\Debug\libinfr_MSS_CM3_0_hw_platform.a(mss_i2c.o)
 .debug_line    0x00001631      0x244 C:\Users\fuhu\Desktop\373final\irc\SoftConsole\infr_MSS_CM3_0\infr_MSS_CM3_0_hw_platform\Debug\libinfr_MSS_CM3_0_hw_platform.a(core_cm3.o)
 .debug_line    0x00001875      0x264 C:\Users\fuhu\Desktop\373final\irc\SoftConsole\infr_MSS_CM3_0\infr_MSS_CM3_0_hw_platform\Debug\libinfr_MSS_CM3_0_hw_platform.a(system_a2fxxxm3.o)

.debug_frame    0x00000000     0x1404
 *(.debug_frame)
 .debug_frame   0x00000000       0x30 ./main.o
 .debug_frame   0x00000030      0x174 C:/Users/fuhu/Desktop/373final/irc/SoftConsole/infr_MSS_CM3_0/infr_MSS_CM3_0_hw_platform/Debug/CMSIS/startup_gcc/newlib_stubs.o
 .debug_frame   0x000001a4      0x1f0 C:\Users\fuhu\Desktop\373final\irc\SoftConsole\infr_MSS_CM3_0\infr_MSS_CM3_0_hw_platform\Debug\libinfr_MSS_CM3_0_hw_platform.a(mss_uart.o)
 .debug_frame   0x00000394      0x2bc C:\Users\fuhu\Desktop\373final\irc\SoftConsole\infr_MSS_CM3_0\infr_MSS_CM3_0_hw_platform\Debug\libinfr_MSS_CM3_0_hw_platform.a(mss_i2c.o)
 .debug_frame   0x00000650      0x170 C:\Users\fuhu\Desktop\373final\irc\SoftConsole\infr_MSS_CM3_0\infr_MSS_CM3_0_hw_platform\Debug\libinfr_MSS_CM3_0_hw_platform.a(core_cm3.o)
 .debug_frame   0x000007c0       0x3c C:\Users\fuhu\Desktop\373final\irc\SoftConsole\infr_MSS_CM3_0\infr_MSS_CM3_0_hw_platform\Debug\libinfr_MSS_CM3_0_hw_platform.a(system_a2fxxxm3.o)
 .debug_frame   0x000007fc       0x20 c:/microsemi/softconsole v3.3/sourcery-g++/bin/../lib/gcc/arm-none-eabi/4.4.1/../../../../arm-none-eabi/lib/thumb2\libc.a(lib_a-errno.o)
 .debug_frame   0x0000081c       0x2c c:/microsemi/softconsole v3.3/sourcery-g++/bin/../lib/gcc/arm-none-eabi/4.4.1/../../../../arm-none-eabi/lib/thumb2\libc.a(lib_a-init.o)
 .debug_frame   0x00000848       0x28 c:/microsemi/softconsole v3.3/sourcery-g++/bin/../lib/gcc/arm-none-eabi/4.4.1/../../../../arm-none-eabi/lib/thumb2\libc.a(lib_a-memset.o)
 .debug_frame   0x00000870       0x5c c:/microsemi/softconsole v3.3/sourcery-g++/bin/../lib/gcc/arm-none-eabi/4.4.1/../../../../arm-none-eabi/lib/thumb2\libc.a(lib_a-printf.o)
 .debug_frame   0x000008cc       0x70 c:/microsemi/softconsole v3.3/sourcery-g++/bin/../lib/gcc/arm-none-eabi/4.4.1/../../../../arm-none-eabi/lib/thumb2\libc.a(lib_a-vfprintf.o)
 .debug_frame   0x0000093c       0x2c c:/microsemi/softconsole v3.3/sourcery-g++/bin/../lib/gcc/arm-none-eabi/4.4.1/../../../../arm-none-eabi/lib/thumb2\libc.a(lib_a-wsetup.o)
 .debug_frame   0x00000968       0x64 c:/microsemi/softconsole v3.3/sourcery-g++/bin/../lib/gcc/arm-none-eabi/4.4.1/../../../../arm-none-eabi/lib/thumb2\libc.a(lib_a-dtoa.o)
 .debug_frame   0x000009cc       0x40 c:/microsemi/softconsole v3.3/sourcery-g++/bin/../lib/gcc/arm-none-eabi/4.4.1/../../../../arm-none-eabi/lib/thumb2\libc.a(lib_a-fflush.o)
 .debug_frame   0x00000a0c      0x11c c:/microsemi/softconsole v3.3/sourcery-g++/bin/../lib/gcc/arm-none-eabi/4.4.1/../../../../arm-none-eabi/lib/thumb2\libc.a(lib_a-findfp.o)
 .debug_frame   0x00000b28       0x50 c:/microsemi/softconsole v3.3/sourcery-g++/bin/../lib/gcc/arm-none-eabi/4.4.1/../../../../arm-none-eabi/lib/thumb2\libc.a(lib_a-freer.o)
 .debug_frame   0x00000b78       0x3c c:/microsemi/softconsole v3.3/sourcery-g++/bin/../lib/gcc/arm-none-eabi/4.4.1/../../../../arm-none-eabi/lib/thumb2\libc.a(lib_a-fvwrite.o)
 .debug_frame   0x00000bb4       0x54 c:/microsemi/softconsole v3.3/sourcery-g++/bin/../lib/gcc/arm-none-eabi/4.4.1/../../../../arm-none-eabi/lib/thumb2\libc.a(lib_a-fwalk.o)
 .debug_frame   0x00000c08       0x6c c:/microsemi/softconsole v3.3/sourcery-g++/bin/../lib/gcc/arm-none-eabi/4.4.1/../../../../arm-none-eabi/lib/thumb2\libc.a(lib_a-locale.o)
 .debug_frame   0x00000c74       0x34 c:/microsemi/softconsole v3.3/sourcery-g++/bin/../lib/gcc/arm-none-eabi/4.4.1/../../../../arm-none-eabi/lib/thumb2\libc.a(lib_a-makebuf.o)
 .debug_frame   0x00000ca8       0x30 c:/microsemi/softconsole v3.3/sourcery-g++/bin/../lib/gcc/arm-none-eabi/4.4.1/../../../../arm-none-eabi/lib/thumb2\libc.a(lib_a-malloc.o)
 .debug_frame   0x00000cd8       0x3c c:/microsemi/softconsole v3.3/sourcery-g++/bin/../lib/gcc/arm-none-eabi/4.4.1/../../../../arm-none-eabi/lib/thumb2\libc.a(lib_a-mallocr.o)
 .debug_frame   0x00000d14       0x28 c:/microsemi/softconsole v3.3/sourcery-g++/bin/../lib/gcc/arm-none-eabi/4.4.1/../../../../arm-none-eabi/lib/thumb2\libc.a(lib_a-memchr.o)
 .debug_frame   0x00000d3c       0x34 c:/microsemi/softconsole v3.3/sourcery-g++/bin/../lib/gcc/arm-none-eabi/4.4.1/../../../../arm-none-eabi/lib/thumb2\libc.a(lib_a-memcpy.o)
 .debug_frame   0x00000d70       0x2c c:/microsemi/softconsole v3.3/sourcery-g++/bin/../lib/gcc/arm-none-eabi/4.4.1/../../../../arm-none-eabi/lib/thumb2\libc.a(lib_a-memmove.o)
 .debug_frame   0x00000d9c       0x30 c:/microsemi/softconsole v3.3/sourcery-g++/bin/../lib/gcc/arm-none-eabi/4.4.1/../../../../arm-none-eabi/lib/thumb2\libc.a(lib_a-mlock.o)
 .debug_frame   0x00000dcc      0x240 c:/microsemi/softconsole v3.3/sourcery-g++/bin/../lib/gcc/arm-none-eabi/4.4.1/../../../../arm-none-eabi/lib/thumb2\libc.a(lib_a-mprec.o)
 .debug_frame   0x0000100c       0x3c c:/microsemi/softconsole v3.3/sourcery-g++/bin/../lib/gcc/arm-none-eabi/4.4.1/../../../../arm-none-eabi/lib/thumb2\libc.a(lib_a-reallocr.o)
 .debug_frame   0x00001048       0x20 c:/microsemi/softconsole v3.3/sourcery-g++/bin/../lib/gcc/arm-none-eabi/4.4.1/../../../../arm-none-eabi/lib/thumb2\libc.a(lib_a-s_isinfd.o)
 .debug_frame   0x00001068       0x20 c:/microsemi/softconsole v3.3/sourcery-g++/bin/../lib/gcc/arm-none-eabi/4.4.1/../../../../arm-none-eabi/lib/thumb2\libc.a(lib_a-s_isnand.o)
 .debug_frame   0x00001088       0x2c c:/microsemi/softconsole v3.3/sourcery-g++/bin/../lib/gcc/arm-none-eabi/4.4.1/../../../../arm-none-eabi/lib/thumb2\libc.a(lib_a-sbrkr.o)
 .debug_frame   0x000010b4       0x70 c:/microsemi/softconsole v3.3/sourcery-g++/bin/../lib/gcc/arm-none-eabi/4.4.1/../../../../arm-none-eabi/lib/thumb2\libc.a(lib_a-stdio.o)
 .debug_frame   0x00001124       0x30 c:/microsemi/softconsole v3.3/sourcery-g++/bin/../lib/gcc/arm-none-eabi/4.4.1/../../../../arm-none-eabi/lib/thumb2\libc.a(lib_a-strcmp.o)
 .debug_frame   0x00001154       0x20 c:/microsemi/softconsole v3.3/sourcery-g++/bin/../lib/gcc/arm-none-eabi/4.4.1/../../../../arm-none-eabi/lib/thumb2\libc.a(lib_a-strlen.o)
 .debug_frame   0x00001174       0x2c c:/microsemi/softconsole v3.3/sourcery-g++/bin/../lib/gcc/arm-none-eabi/4.4.1/../../../../arm-none-eabi/lib/thumb2\libc.a(lib_a-callocr.o)
 .debug_frame   0x000011a0       0x2c c:/microsemi/softconsole v3.3/sourcery-g++/bin/../lib/gcc/arm-none-eabi/4.4.1/../../../../arm-none-eabi/lib/thumb2\libc.a(lib_a-closer.o)
 .debug_frame   0x000011cc       0x3c c:/microsemi/softconsole v3.3/sourcery-g++/bin/../lib/gcc/arm-none-eabi/4.4.1/../../../../arm-none-eabi/lib/thumb2\libc.a(lib_a-fclose.o)
 .debug_frame   0x00001208       0x2c c:/microsemi/softconsole v3.3/sourcery-g++/bin/../lib/gcc/arm-none-eabi/4.4.1/../../../../arm-none-eabi/lib/thumb2\libc.a(lib_a-fstatr.o)
 .debug_frame   0x00001234       0x2c c:/microsemi/softconsole v3.3/sourcery-g++/bin/../lib/gcc/arm-none-eabi/4.4.1/../../../../arm-none-eabi/lib/thumb2\libc.a(lib_a-isattyr.o)
 .debug_frame   0x00001260       0x2c c:/microsemi/softconsole v3.3/sourcery-g++/bin/../lib/gcc/arm-none-eabi/4.4.1/../../../../arm-none-eabi/lib/thumb2\libc.a(lib_a-lseekr.o)
 .debug_frame   0x0000128c       0x2c c:/microsemi/softconsole v3.3/sourcery-g++/bin/../lib/gcc/arm-none-eabi/4.4.1/../../../../arm-none-eabi/lib/thumb2\libc.a(lib_a-readr.o)
 .debug_frame   0x000012b8       0x64 c:/microsemi/softconsole v3.3/sourcery-g++/bin/../lib/gcc/arm-none-eabi/4.4.1/../../../../arm-none-eabi/lib/thumb2\libc.a(lib_a-reent.o)
 .debug_frame   0x0000131c       0x20 c:/microsemi/softconsole v3.3/sourcery-g++/bin/../lib/gcc/arm-none-eabi/4.4.1/thumb2\libgcc.a(_udivsi3.o)
 .debug_frame   0x0000133c       0x50 c:/microsemi/softconsole v3.3/sourcery-g++/bin/../lib/gcc/arm-none-eabi/4.4.1/thumb2\libgcc.a(bpabi.o)
 .debug_frame   0x0000138c       0x3c c:/microsemi/softconsole v3.3/sourcery-g++/bin/../lib/gcc/arm-none-eabi/4.4.1/thumb2\libgcc.a(_divdi3.o)
 .debug_frame   0x000013c8       0x3c c:/microsemi/softconsole v3.3/sourcery-g++/bin/../lib/gcc/arm-none-eabi/4.4.1/thumb2\libgcc.a(_udivdi3.o)

.debug_str      0x00000000     0x213f
 *(.debug_str)
 .debug_str     0x00000000     0x10e0 ./main.o
                               0x117b (size before relaxing)
 .debug_str     0x000010e0      0x485 C:/Users/fuhu/Desktop/373final/irc/SoftConsole/infr_MSS_CM3_0/infr_MSS_CM3_0_hw_platform/Debug/CMSIS/startup_gcc/newlib_stubs.o
                               0x109f (size before relaxing)
 .debug_str     0x00001565      0x60b C:\Users\fuhu\Desktop\373final\irc\SoftConsole\infr_MSS_CM3_0\infr_MSS_CM3_0_hw_platform\Debug\libinfr_MSS_CM3_0_hw_platform.a(mss_uart.o)
                               0x14b0 (size before relaxing)
 .debug_str     0x00001b70      0x396 C:\Users\fuhu\Desktop\373final\irc\SoftConsole\infr_MSS_CM3_0\infr_MSS_CM3_0_hw_platform\Debug\libinfr_MSS_CM3_0_hw_platform.a(mss_i2c.o)
                               0x1750 (size before relaxing)
 .debug_str     0x00001f06      0x142 C:\Users\fuhu\Desktop\373final\irc\SoftConsole\infr_MSS_CM3_0\infr_MSS_CM3_0_hw_platform\Debug\libinfr_MSS_CM3_0_hw_platform.a(core_cm3.o)
                                0x266 (size before relaxing)
 .debug_str     0x00002048       0xf7 C:\Users\fuhu\Desktop\373final\irc\SoftConsole\infr_MSS_CM3_0\infr_MSS_CM3_0_hw_platform\Debug\libinfr_MSS_CM3_0_hw_platform.a(system_a2fxxxm3.o)
                                0x453 (size before relaxing)

.debug_loc      0x00000000     0x159c
 *(.debug_loc)
 .debug_loc     0x00000000       0x2b ./main.o
 .debug_loc     0x0000002b      0x30d C:/Users/fuhu/Desktop/373final/irc/SoftConsole/infr_MSS_CM3_0/infr_MSS_CM3_0_hw_platform/Debug/CMSIS/startup_gcc/newlib_stubs.o
 .debug_loc     0x00000338      0x894 C:\Users\fuhu\Desktop\373final\irc\SoftConsole\infr_MSS_CM3_0\infr_MSS_CM3_0_hw_platform\Debug\libinfr_MSS_CM3_0_hw_platform.a(mss_uart.o)
 .debug_loc     0x00000bcc      0x755 C:\Users\fuhu\Desktop\373final\irc\SoftConsole\infr_MSS_CM3_0\infr_MSS_CM3_0_hw_platform\Debug\libinfr_MSS_CM3_0_hw_platform.a(mss_i2c.o)
 .debug_loc     0x00001321      0x1c8 C:\Users\fuhu\Desktop\373final\irc\SoftConsole\infr_MSS_CM3_0\infr_MSS_CM3_0_hw_platform\Debug\libinfr_MSS_CM3_0_hw_platform.a(core_cm3.o)
 .debug_loc     0x000014e9       0xb3 C:\Users\fuhu\Desktop\373final\irc\SoftConsole\infr_MSS_CM3_0\infr_MSS_CM3_0_hw_platform\Debug\libinfr_MSS_CM3_0_hw_platform.a(system_a2fxxxm3.o)

.debug_macinfo  0x00000000    0x27080
 *(.debug_macinfo)
 .debug_macinfo
                0x00000000     0x8e5e ./main.o
 .debug_macinfo
                0x00008e5e     0x9964 C:/Users/fuhu/Desktop/373final/irc/SoftConsole/infr_MSS_CM3_0/infr_MSS_CM3_0_hw_platform/Debug/CMSIS/startup_gcc/newlib_stubs.o
 .debug_macinfo
                0x000127c2     0x63e3 C:\Users\fuhu\Desktop\373final\irc\SoftConsole\infr_MSS_CM3_0\infr_MSS_CM3_0_hw_platform\Debug\libinfr_MSS_CM3_0_hw_platform.a(mss_uart.o)
 .debug_macinfo
                0x00018ba5     0x7518 C:\Users\fuhu\Desktop\373final\irc\SoftConsole\infr_MSS_CM3_0\infr_MSS_CM3_0_hw_platform\Debug\libinfr_MSS_CM3_0_hw_platform.a(mss_i2c.o)
 .debug_macinfo
                0x000200bd     0x152b C:\Users\fuhu\Desktop\373final\irc\SoftConsole\infr_MSS_CM3_0\infr_MSS_CM3_0_hw_platform\Debug\libinfr_MSS_CM3_0_hw_platform.a(core_cm3.o)
 .debug_macinfo
                0x000215e8     0x5a98 C:\Users\fuhu\Desktop\373final\irc\SoftConsole\infr_MSS_CM3_0\infr_MSS_CM3_0_hw_platform\Debug\libinfr_MSS_CM3_0_hw_platform.a(system_a2fxxxm3.o)

.debug_weaknames
 *(.debug_weaknames)

.debug_funcnames
 *(.debug_funcnames)

.debug_typenames
 *(.debug_typenames)

.debug_varnames
 *(.debug_varnames)

.note.gnu.arm.ident
 *(.note.gnu.arm.ident)

.ARM.attributes
                0x00000000       0x25
 *(.ARM.attributes)
 .ARM.attributes
                0x00000000       0x19 c:/microsemi/softconsole v3.3/sourcery-g++/bin/../lib/gcc/arm-none-eabi/4.4.1/thumb2/crti.o
 .ARM.attributes
                0x00000019       0x29 c:/microsemi/softconsole v3.3/sourcery-g++/bin/../lib/gcc/arm-none-eabi/4.4.1/thumb2/crtbegin.o
 .ARM.attributes
                0x00000042       0x31 ./main.o
 .ARM.attributes
                0x00000073       0x21 C:/Users/fuhu/Desktop/373final/irc/SoftConsole/infr_MSS_CM3_0/infr_MSS_CM3_0_hw_platform/Debug/CMSIS/startup_gcc/startup_a2fxxxm3.o
 .ARM.attributes
                0x00000094       0x31 C:/Users/fuhu/Desktop/373final/irc/SoftConsole/infr_MSS_CM3_0/infr_MSS_CM3_0_hw_platform/Debug/CMSIS/startup_gcc/newlib_stubs.o
 .ARM.attributes
                0x000000c5       0x31 C:\Users\fuhu\Desktop\373final\irc\SoftConsole\infr_MSS_CM3_0\infr_MSS_CM3_0_hw_platform\Debug\libinfr_MSS_CM3_0_hw_platform.a(mss_uart.o)
 .ARM.attributes
                0x000000f6       0x31 C:\Users\fuhu\Desktop\373final\irc\SoftConsole\infr_MSS_CM3_0\infr_MSS_CM3_0_hw_platform\Debug\libinfr_MSS_CM3_0_hw_platform.a(mss_i2c.o)
 .ARM.attributes
                0x00000127       0x31 C:\Users\fuhu\Desktop\373final\irc\SoftConsole\infr_MSS_CM3_0\infr_MSS_CM3_0_hw_platform\Debug\libinfr_MSS_CM3_0_hw_platform.a(core_cm3.o)
 .ARM.attributes
                0x00000158       0x31 C:\Users\fuhu\Desktop\373final\irc\SoftConsole\infr_MSS_CM3_0\infr_MSS_CM3_0_hw_platform\Debug\libinfr_MSS_CM3_0_hw_platform.a(system_a2fxxxm3.o)
 .ARM.attributes
                0x00000189       0x29 c:/microsemi/softconsole v3.3/sourcery-g++/bin/../lib/gcc/arm-none-eabi/4.4.1/../../../../arm-none-eabi/lib/thumb2\libc.a(lib_a-errno.o)
 .ARM.attributes
                0x000001b2       0x29 c:/microsemi/softconsole v3.3/sourcery-g++/bin/../lib/gcc/arm-none-eabi/4.4.1/../../../../arm-none-eabi/lib/thumb2\libc.a(lib_a-impure.o)
 .ARM.attributes
                0x000001db       0x29 c:/microsemi/softconsole v3.3/sourcery-g++/bin/../lib/gcc/arm-none-eabi/4.4.1/../../../../arm-none-eabi/lib/thumb2\libc.a(lib_a-init.o)
 .ARM.attributes
                0x00000204       0x29 c:/microsemi/softconsole v3.3/sourcery-g++/bin/../lib/gcc/arm-none-eabi/4.4.1/../../../../arm-none-eabi/lib/thumb2\libc.a(lib_a-memset.o)
 .ARM.attributes
                0x0000022d       0x29 c:/microsemi/softconsole v3.3/sourcery-g++/bin/../lib/gcc/arm-none-eabi/4.4.1/../../../../arm-none-eabi/lib/thumb2\libc.a(lib_a-printf.o)
 .ARM.attributes
                0x00000256       0x29 c:/microsemi/softconsole v3.3/sourcery-g++/bin/../lib/gcc/arm-none-eabi/4.4.1/../../../../arm-none-eabi/lib/thumb2\libc.a(lib_a-vfprintf.o)
 .ARM.attributes
                0x0000027f       0x29 c:/microsemi/softconsole v3.3/sourcery-g++/bin/../lib/gcc/arm-none-eabi/4.4.1/../../../../arm-none-eabi/lib/thumb2\libc.a(lib_a-wsetup.o)
 .ARM.attributes
                0x000002a8       0x29 c:/microsemi/softconsole v3.3/sourcery-g++/bin/../lib/gcc/arm-none-eabi/4.4.1/../../../../arm-none-eabi/lib/thumb2\libc.a(lib_a-dtoa.o)
 .ARM.attributes
                0x000002d1       0x29 c:/microsemi/softconsole v3.3/sourcery-g++/bin/../lib/gcc/arm-none-eabi/4.4.1/../../../../arm-none-eabi/lib/thumb2\libc.a(lib_a-fflush.o)
 .ARM.attributes
                0x000002fa       0x29 c:/microsemi/softconsole v3.3/sourcery-g++/bin/../lib/gcc/arm-none-eabi/4.4.1/../../../../arm-none-eabi/lib/thumb2\libc.a(lib_a-findfp.o)
 .ARM.attributes
                0x00000323       0x29 c:/microsemi/softconsole v3.3/sourcery-g++/bin/../lib/gcc/arm-none-eabi/4.4.1/../../../../arm-none-eabi/lib/thumb2\libc.a(lib_a-freer.o)
 .ARM.attributes
                0x0000034c       0x29 c:/microsemi/softconsole v3.3/sourcery-g++/bin/../lib/gcc/arm-none-eabi/4.4.1/../../../../arm-none-eabi/lib/thumb2\libc.a(lib_a-fvwrite.o)
 .ARM.attributes
                0x00000375       0x29 c:/microsemi/softconsole v3.3/sourcery-g++/bin/../lib/gcc/arm-none-eabi/4.4.1/../../../../arm-none-eabi/lib/thumb2\libc.a(lib_a-fwalk.o)
 .ARM.attributes
                0x0000039e       0x29 c:/microsemi/softconsole v3.3/sourcery-g++/bin/../lib/gcc/arm-none-eabi/4.4.1/../../../../arm-none-eabi/lib/thumb2\libc.a(lib_a-locale.o)
 .ARM.attributes
                0x000003c7       0x29 c:/microsemi/softconsole v3.3/sourcery-g++/bin/../lib/gcc/arm-none-eabi/4.4.1/../../../../arm-none-eabi/lib/thumb2\libc.a(lib_a-makebuf.o)
 .ARM.attributes
                0x000003f0       0x29 c:/microsemi/softconsole v3.3/sourcery-g++/bin/../lib/gcc/arm-none-eabi/4.4.1/../../../../arm-none-eabi/lib/thumb2\libc.a(lib_a-malloc.o)
 .ARM.attributes
                0x00000419       0x29 c:/microsemi/softconsole v3.3/sourcery-g++/bin/../lib/gcc/arm-none-eabi/4.4.1/../../../../arm-none-eabi/lib/thumb2\libc.a(lib_a-mallocr.o)
 .ARM.attributes
                0x00000442       0x29 c:/microsemi/softconsole v3.3/sourcery-g++/bin/../lib/gcc/arm-none-eabi/4.4.1/../../../../arm-none-eabi/lib/thumb2\libc.a(lib_a-memchr.o)
 .ARM.attributes
                0x0000046b       0x29 c:/microsemi/softconsole v3.3/sourcery-g++/bin/../lib/gcc/arm-none-eabi/4.4.1/../../../../arm-none-eabi/lib/thumb2\libc.a(lib_a-memcpy.o)
 .ARM.attributes
                0x00000494       0x29 c:/microsemi/softconsole v3.3/sourcery-g++/bin/../lib/gcc/arm-none-eabi/4.4.1/../../../../arm-none-eabi/lib/thumb2\libc.a(lib_a-memmove.o)
 .ARM.attributes
                0x000004bd       0x29 c:/microsemi/softconsole v3.3/sourcery-g++/bin/../lib/gcc/arm-none-eabi/4.4.1/../../../../arm-none-eabi/lib/thumb2\libc.a(lib_a-mlock.o)
 .ARM.attributes
                0x000004e6       0x29 c:/microsemi/softconsole v3.3/sourcery-g++/bin/../lib/gcc/arm-none-eabi/4.4.1/../../../../arm-none-eabi/lib/thumb2\libc.a(lib_a-mprec.o)
 .ARM.attributes
                0x0000050f       0x29 c:/microsemi/softconsole v3.3/sourcery-g++/bin/../lib/gcc/arm-none-eabi/4.4.1/../../../../arm-none-eabi/lib/thumb2\libc.a(lib_a-reallocr.o)
 .ARM.attributes
                0x00000538       0x29 c:/microsemi/softconsole v3.3/sourcery-g++/bin/../lib/gcc/arm-none-eabi/4.4.1/../../../../arm-none-eabi/lib/thumb2\libc.a(lib_a-s_isinfd.o)
 .ARM.attributes
                0x00000561       0x29 c:/microsemi/softconsole v3.3/sourcery-g++/bin/../lib/gcc/arm-none-eabi/4.4.1/../../../../arm-none-eabi/lib/thumb2\libc.a(lib_a-s_isnand.o)
 .ARM.attributes
                0x0000058a       0x29 c:/microsemi/softconsole v3.3/sourcery-g++/bin/../lib/gcc/arm-none-eabi/4.4.1/../../../../arm-none-eabi/lib/thumb2\libc.a(lib_a-sbrkr.o)
 .ARM.attributes
                0x000005b3       0x29 c:/microsemi/softconsole v3.3/sourcery-g++/bin/../lib/gcc/arm-none-eabi/4.4.1/../../../../arm-none-eabi/lib/thumb2\libc.a(lib_a-stdio.o)
 .ARM.attributes
                0x000005dc       0x29 c:/microsemi/softconsole v3.3/sourcery-g++/bin/../lib/gcc/arm-none-eabi/4.4.1/../../../../arm-none-eabi/lib/thumb2\libc.a(lib_a-strcmp.o)
 .ARM.attributes
                0x00000605       0x29 c:/microsemi/softconsole v3.3/sourcery-g++/bin/../lib/gcc/arm-none-eabi/4.4.1/../../../../arm-none-eabi/lib/thumb2\libc.a(lib_a-strlen.o)
 .ARM.attributes
                0x0000062e       0x29 c:/microsemi/softconsole v3.3/sourcery-g++/bin/../lib/gcc/arm-none-eabi/4.4.1/../../../../arm-none-eabi/lib/thumb2\libc.a(lib_a-callocr.o)
 .ARM.attributes
                0x00000657       0x29 c:/microsemi/softconsole v3.3/sourcery-g++/bin/../lib/gcc/arm-none-eabi/4.4.1/../../../../arm-none-eabi/lib/thumb2\libc.a(lib_a-closer.o)
 .ARM.attributes
                0x00000680       0x29 c:/microsemi/softconsole v3.3/sourcery-g++/bin/../lib/gcc/arm-none-eabi/4.4.1/../../../../arm-none-eabi/lib/thumb2\libc.a(lib_a-fclose.o)
 .ARM.attributes
                0x000006a9       0x29 c:/microsemi/softconsole v3.3/sourcery-g++/bin/../lib/gcc/arm-none-eabi/4.4.1/../../../../arm-none-eabi/lib/thumb2\libc.a(lib_a-fstatr.o)
 .ARM.attributes
                0x000006d2       0x29 c:/microsemi/softconsole v3.3/sourcery-g++/bin/../lib/gcc/arm-none-eabi/4.4.1/../../../../arm-none-eabi/lib/thumb2\libc.a(lib_a-isattyr.o)
 .ARM.attributes
                0x000006fb       0x29 c:/microsemi/softconsole v3.3/sourcery-g++/bin/../lib/gcc/arm-none-eabi/4.4.1/../../../../arm-none-eabi/lib/thumb2\libc.a(lib_a-lseekr.o)
 .ARM.attributes
                0x00000724       0x29 c:/microsemi/softconsole v3.3/sourcery-g++/bin/../lib/gcc/arm-none-eabi/4.4.1/../../../../arm-none-eabi/lib/thumb2\libc.a(lib_a-readr.o)
 .ARM.attributes
                0x0000074d       0x29 c:/microsemi/softconsole v3.3/sourcery-g++/bin/../lib/gcc/arm-none-eabi/4.4.1/../../../../arm-none-eabi/lib/thumb2\libc.a(lib_a-reent.o)
 .ARM.attributes
                0x00000776       0x1b c:/microsemi/softconsole v3.3/sourcery-g++/bin/../lib/gcc/arm-none-eabi/4.4.1/thumb2\libgcc.a(_udivsi3.o)
 .ARM.attributes
                0x00000791       0x1b c:/microsemi/softconsole v3.3/sourcery-g++/bin/../lib/gcc/arm-none-eabi/4.4.1/thumb2\libgcc.a(_dvmd_tls.o)
 .ARM.attributes
                0x000007ac       0x1b c:/microsemi/softconsole v3.3/sourcery-g++/bin/../lib/gcc/arm-none-eabi/4.4.1/thumb2\libgcc.a(_arm_addsubdf3.o)
 .ARM.attributes
                0x000007c7       0x1b c:/microsemi/softconsole v3.3/sourcery-g++/bin/../lib/gcc/arm-none-eabi/4.4.1/thumb2\libgcc.a(_arm_muldivdf3.o)
 .ARM.attributes
                0x000007e2       0x1b c:/microsemi/softconsole v3.3/sourcery-g++/bin/../lib/gcc/arm-none-eabi/4.4.1/thumb2\libgcc.a(_arm_cmpdf2.o)
 .ARM.attributes
                0x000007fd       0x1b c:/microsemi/softconsole v3.3/sourcery-g++/bin/../lib/gcc/arm-none-eabi/4.4.1/thumb2\libgcc.a(_arm_fixdfsi.o)
 .ARM.attributes
                0x00000818       0x1b c:/microsemi/softconsole v3.3/sourcery-g++/bin/../lib/gcc/arm-none-eabi/4.4.1/thumb2\libgcc.a(_aeabi_uldivmod.o)
 .ARM.attributes
                0x00000833       0x29 c:/microsemi/softconsole v3.3/sourcery-g++/bin/../lib/gcc/arm-none-eabi/4.4.1/thumb2\libgcc.a(bpabi.o)
 .ARM.attributes
                0x0000085c       0x29 c:/microsemi/softconsole v3.3/sourcery-g++/bin/../lib/gcc/arm-none-eabi/4.4.1/thumb2\libgcc.a(_divdi3.o)
 .ARM.attributes
                0x00000885       0x29 c:/microsemi/softconsole v3.3/sourcery-g++/bin/../lib/gcc/arm-none-eabi/4.4.1/thumb2\libgcc.a(_udivdi3.o)
 .ARM.attributes
                0x000008ae       0x29 c:/microsemi/softconsole v3.3/sourcery-g++/bin/../lib/gcc/arm-none-eabi/4.4.1/thumb2/crtend.o
 .ARM.attributes
                0x000008d7       0x19 c:/microsemi/softconsole v3.3/sourcery-g++/bin/../lib/gcc/arm-none-eabi/4.4.1/thumb2/crtn.o

/DISCARD/
 *(.note.GNU-stack)
 *(.isr_vector)
OUTPUT(infr_MSS_CM3_0_app elf32-littlearm)

.debug_ranges   0x00000000      0x370
 .debug_ranges  0x00000000       0x18 ./main.o
 .debug_ranges  0x00000018       0xa0 C:/Users/fuhu/Desktop/373final/irc/SoftConsole/infr_MSS_CM3_0/infr_MSS_CM3_0_hw_platform/Debug/CMSIS/startup_gcc/newlib_stubs.o
 .debug_ranges  0x000000b8       0xd0 C:\Users\fuhu\Desktop\373final\irc\SoftConsole\infr_MSS_CM3_0\infr_MSS_CM3_0_hw_platform\Debug\libinfr_MSS_CM3_0_hw_platform.a(mss_uart.o)
 .debug_ranges  0x00000188      0x108 C:\Users\fuhu\Desktop\373final\irc\SoftConsole\infr_MSS_CM3_0\infr_MSS_CM3_0_hw_platform\Debug\libinfr_MSS_CM3_0_hw_platform.a(mss_i2c.o)
 .debug_ranges  0x00000290       0xc0 C:\Users\fuhu\Desktop\373final\irc\SoftConsole\infr_MSS_CM3_0\infr_MSS_CM3_0_hw_platform\Debug\libinfr_MSS_CM3_0_hw_platform.a(core_cm3.o)
 .debug_ranges  0x00000350       0x20 C:\Users\fuhu\Desktop\373final\irc\SoftConsole\infr_MSS_CM3_0\infr_MSS_CM3_0_hw_platform\Debug\libinfr_MSS_CM3_0_hw_platform.a(system_a2fxxxm3.o)
