Archive member included because of file (symbol)

C:\Users\phammel\Desktop\starter\irc\SoftConsole\infr_MSS_CM3_0\infr_MSS_CM3_0_hw_platform\Debug\libinfr_MSS_CM3_0_hw_platform.a(mss_uart.o)
                              C:/Users/phammel/Desktop/starter/irc/SoftConsole/infr_MSS_CM3_0/infr_MSS_CM3_0_hw_platform/Debug/CMSIS/startup_gcc/newlib_stubs.o (MSS_UART_polled_tx)
C:\Users\phammel\Desktop\starter\irc\SoftConsole\infr_MSS_CM3_0\infr_MSS_CM3_0_hw_platform\Debug\libinfr_MSS_CM3_0_hw_platform.a(mss_i2c.o)
                              ./main.o (g_mss_i2c1)
C:\Users\phammel\Desktop\starter\irc\SoftConsole\infr_MSS_CM3_0\infr_MSS_CM3_0_hw_platform\Debug\libinfr_MSS_CM3_0_hw_platform.a(core_cm3.o)
                              C:\Users\phammel\Desktop\starter\irc\SoftConsole\infr_MSS_CM3_0\infr_MSS_CM3_0_hw_platform\Debug\libinfr_MSS_CM3_0_hw_platform.a(mss_i2c.o) (__get_PRIMASK)
C:\Users\phammel\Desktop\starter\irc\SoftConsole\infr_MSS_CM3_0\infr_MSS_CM3_0_hw_platform\Debug\libinfr_MSS_CM3_0_hw_platform.a(system_a2fxxxm3.o)
                              C:/Users/phammel/Desktop/starter/irc/SoftConsole/infr_MSS_CM3_0/infr_MSS_CM3_0_hw_platform/Debug/CMSIS/startup_gcc/startup_a2fxxxm3.o (SystemInit)
c:/microsemi/softconsole v3.3/sourcery-g++/bin/../lib/gcc/arm-none-eabi/4.4.1/../../../../arm-none-eabi/lib/thumb2\libc.a(lib_a-errno.o)
                              C:/Users/phammel/Desktop/starter/irc/SoftConsole/infr_MSS_CM3_0/infr_MSS_CM3_0_hw_platform/Debug/CMSIS/startup_gcc/newlib_stubs.o (__errno)
c:/microsemi/softconsole v3.3/sourcery-g++/bin/../lib/gcc/arm-none-eabi/4.4.1/../../../../arm-none-eabi/lib/thumb2\libc.a(lib_a-impure.o)
                              c:/microsemi/softconsole v3.3/sourcery-g++/bin/../lib/gcc/arm-none-eabi/4.4.1/../../../../arm-none-eabi/lib/thumb2\libc.a(lib_a-errno.o) (_impure_ptr)
c:/microsemi/softconsole v3.3/sourcery-g++/bin/../lib/gcc/arm-none-eabi/4.4.1/../../../../arm-none-eabi/lib/thumb2\libc.a(lib_a-init.o)
                              C:/Users/phammel/Desktop/starter/irc/SoftConsole/infr_MSS_CM3_0/infr_MSS_CM3_0_hw_platform/Debug/CMSIS/startup_gcc/startup_a2fxxxm3.o (__libc_init_array)
c:/microsemi/softconsole v3.3/sourcery-g++/bin/../lib/gcc/arm-none-eabi/4.4.1/../../../../arm-none-eabi/lib/thumb2\libc.a(lib_a-memset.o)
                              C:\Users\phammel\Desktop\starter\irc\SoftConsole\infr_MSS_CM3_0\infr_MSS_CM3_0_hw_platform\Debug\libinfr_MSS_CM3_0_hw_platform.a(mss_i2c.o) (memset)
c:/microsemi/softconsole v3.3/sourcery-g++/bin/../lib/gcc/arm-none-eabi/4.4.1/../../../../arm-none-eabi/lib/thumb2\libc.a(lib_a-printf.o)
                              ./main.o (printf)
c:/microsemi/softconsole v3.3/sourcery-g++/bin/../lib/gcc/arm-none-eabi/4.4.1/../../../../arm-none-eabi/lib/thumb2\libc.a(lib_a-vfprintf.o)
                              c:/microsemi/softconsole v3.3/sourcery-g++/bin/../lib/gcc/arm-none-eabi/4.4.1/../../../../arm-none-eabi/lib/thumb2\libc.a(lib_a-printf.o) (_vfprintf_r)
c:/microsemi/softconsole v3.3/sourcery-g++/bin/../lib/gcc/arm-none-eabi/4.4.1/../../../../arm-none-eabi/lib/thumb2\libc.a(lib_a-wsetup.o)
                              c:/microsemi/softconsole v3.3/sourcery-g++/bin/../lib/gcc/arm-none-eabi/4.4.1/../../../../arm-none-eabi/lib/thumb2\libc.a(lib_a-vfprintf.o) (__swsetup_r)
c:/microsemi/softconsole v3.3/sourcery-g++/bin/../lib/gcc/arm-none-eabi/4.4.1/../../../../arm-none-eabi/lib/thumb2\libc.a(lib_a-dtoa.o)
                              c:/microsemi/softconsole v3.3/sourcery-g++/bin/../lib/gcc/arm-none-eabi/4.4.1/../../../../arm-none-eabi/lib/thumb2\libc.a(lib_a-vfprintf.o) (_dtoa_r)
c:/microsemi/softconsole v3.3/sourcery-g++/bin/../lib/gcc/arm-none-eabi/4.4.1/../../../../arm-none-eabi/lib/thumb2\libc.a(lib_a-fflush.o)
                              c:/microsemi/softconsole v3.3/sourcery-g++/bin/../lib/gcc/arm-none-eabi/4.4.1/../../../../arm-none-eabi/lib/thumb2\libc.a(lib_a-vfprintf.o) (_fflush_r)
c:/microsemi/softconsole v3.3/sourcery-g++/bin/../lib/gcc/arm-none-eabi/4.4.1/../../../../arm-none-eabi/lib/thumb2\libc.a(lib_a-findfp.o)
                              c:/microsemi/softconsole v3.3/sourcery-g++/bin/../lib/gcc/arm-none-eabi/4.4.1/../../../../arm-none-eabi/lib/thumb2\libc.a(lib_a-printf.o) (__sinit)
c:/microsemi/softconsole v3.3/sourcery-g++/bin/../lib/gcc/arm-none-eabi/4.4.1/../../../../arm-none-eabi/lib/thumb2\libc.a(lib_a-freer.o)
                              c:/microsemi/softconsole v3.3/sourcery-g++/bin/../lib/gcc/arm-none-eabi/4.4.1/../../../../arm-none-eabi/lib/thumb2\libc.a(lib_a-wsetup.o) (_free_r)
c:/microsemi/softconsole v3.3/sourcery-g++/bin/../lib/gcc/arm-none-eabi/4.4.1/../../../../arm-none-eabi/lib/thumb2\libc.a(lib_a-fvwrite.o)
                              c:/microsemi/softconsole v3.3/sourcery-g++/bin/../lib/gcc/arm-none-eabi/4.4.1/../../../../arm-none-eabi/lib/thumb2\libc.a(lib_a-vfprintf.o) (__sfvwrite_r)
[...]
Memory Configuration

Name             Origin             Length             Attributes
ram              0x20000000         0x00010000         xrw
*default*        0x00000000         0xffffffff

Linker script and memory map

LOAD c:/microsemi/softconsole v3.3/sourcery-g++/bin/../lib/gcc/arm-none-eabi/4.4.1/thumb2/crti.o
LOAD c:/microsemi/softconsole v3.3/sourcery-g++/bin/../lib/gcc/arm-none-eabi/4.4.1/thumb2/crtbegin.o
LOAD ./main.o
LOAD C:/Users/phammel/Desktop/starter/irc/SoftConsole/infr_MSS_CM3_0/infr_MSS_CM3_0_hw_platform/Debug/CMSIS/startup_gcc/startup_a2fxxxm3.o
LOAD C:/Users/phammel/Desktop/starter/irc/SoftConsole/infr_MSS_CM3_0/infr_MSS_CM3_0_hw_platform/Debug/CMSIS/startup_gcc/newlib_stubs.o
LOAD C:\Users\phammel\Desktop\starter\irc\SoftConsole\infr_MSS_CM3_0\infr_MSS_CM3_0_hw_platform\Debug\libinfr_MSS_CM3_0_hw_platform.a
START GROUP
LOAD c:/microsemi/softconsole v3.3/sourcery-g++/bin/../lib/gcc/arm-none-eabi/4.4.1/thumb2\libgcc.a
LOAD c:/microsemi/softconsole v3.3/sourcery-g++/bin/../lib/gcc/arm-none-eabi/4.4.1/../../../../arm-none-eabi/lib/thumb2\libc.a
END GROUP
LOAD c:/microsemi/softconsole v3.3/sourcery-g++/bin/../lib/gcc/arm-none-eabi/4.4.1/thumb2/crtend.o
LOAD c:/microsemi/softconsole v3.3/sourcery-g++/bin/../lib/gcc/arm-none-eabi/4.4.1/thumb2/crtn.o
START GROUP
LOAD c:/microsemi/softconsole v3.3/sourcery-g++/bin/../lib/gcc/arm-none-eabi/4.4.1/../../../../arm-none-eabi/lib/thumb2\libc.a
LOAD c:/microsemi/softconsole v3.3/sourcery-g++/bin/../lib/gcc/arm-none-eabi/4.4.1/thumb2\libgcc.a
LOAD c:/microsemi/softconsole v3.3/sourcery-g++/bin/../lib/gcc/arm-none-eabi/4.4.1/../../../../arm-none-eabi/lib/thumb2\libm.a
END GROUP
                0x00000000                __DYNAMIC = 0x0
                0x20000000                RAM_START_ADDRESS = 0x20000000
                0x00010000                RAM_SIZE = 0x10000
                0x00002000                MAIN_STACK_SIZE = 0x2000
                0x00001000                PROCESS_STACK_SIZE = 0x1000
                0x20010000                PROVIDE (__main_stack_start, (RAM_START_ADDRESS + RAM_SIZE))
                0x2000e000                PROVIDE (__process_stack_start, (__main_stack_start - MAIN_STACK_SIZE))
                0x20010000                PROVIDE (_estack, __main_stack_start)
                0x00000000                PROVIDE (__mirrored_nvm, 0x0)

.text           0x20000000     0x7b28
 CREATE_OBJECT_SYMBOLS
                0x20000000                __text_load = LOADADDR (.text)
                0x20000000                __text_start = .
                0x20000000                __vector_table_vma_base_address = .
 *(.isr_vector)
 .isr_vector    0x20000000      0x470 C:/Users/phammel/Desktop/starter/irc/SoftConsole/infr_MSS_CM3_0/infr_MSS_CM3_0_hw_platform/Debug/CMSIS/startup_gcc/startup_a2fxxxm3.o
                0x20000000                g_pfnVectors
                0x20000298                Reset_Handler
                0x20000308                NMI_Handler
                0x2000030a                HardFault_Handler
                0x2000030c                MemManage_Handler
                0x2000030e                BusFault_Handler
                0x20000310                UsageFault_Handler
                0x20000312                SVC_Handler
                0x20000314                DebugMon_Handler
                0x20000316                PendSV_Handler
                0x20000318                SysTick_Handler
                0x2000031a                WdogWakeup_IRQHandler
                0x2000031c                BrownOut_1_5V_IRQHandler
                0x2000031e                BrownOut_3_3V_IRQHandler
                0x20000320                RTC_Match_IRQHandler
                0x20000322                RTCIF_Pub_IRQHandler
                0x20000324                EthernetMAC_IRQHandler
                0x20000326                IAP_IRQHandler
                0x20000328                ENVM0_IRQHandler
                0x2000032a                ENVM1_IRQHandler
                0x2000032c                DMA_IRQHandler
                0x20000332                SPI0_IRQHandler
                0x20000334                SPI1_IRQHandler
                0x20000338                I2C0_SMBAlert_IRQHandler
                0x2000033a                I2C0_SMBus_IRQHandler
                0x2000033e                I2C1_SMBAlert_IRQHandler
                0x20000340                I2C1_SMBus_IRQHandler
                0x20000342                Timer1_IRQHandler
                0x20000344                Timer2_IRQHandler
                0x20000346                PLL_Lock_IRQHandler
                0x20000348                PLL_LockLost_IRQHandler
                0x2000034a                CommError_IRQHandler
                0x2000034c                Fabric_IRQHandler
                0x2000034e                GPIO0_IRQHandler
                0x20000350                GPIO1_IRQHandler
                0x20000352                GPIO2_IRQHandler
                0x20000354                GPIO3_IRQHandler
                0x20000356                GPIO4_IRQHandler
                0x20000358                GPIO5_IRQHandler
                0x2000035a                GPIO6_IRQHandler
                0x2000035c                GPIO7_IRQHandler
                0x2000035e                GPIO8_IRQHandler
                0x20000360                GPIO9_IRQHandler
                0x20000362                GPIO10_IRQHandler
                0x20000364                GPIO11_IRQHandler
                0x20000366                GPIO12_IRQHandler
                0x20000368                GPIO13_IRQHandler
                0x2000036a                GPIO14_IRQHandler
                0x2000036c                GPIO15_IRQHandler
                0x2000036e                GPIO16_IRQHandler
                0x20000370                GPIO17_IRQHandler
                0x20000372                GPIO18_IRQHandler
                0x20000374                GPIO19_IRQHandler
                0x20000376                GPIO20_IRQHandler
                0x20000378                GPIO21_IRQHandler
                0x2000037a                GPIO22_IRQHandler
                0x2000037c                GPIO23_IRQHandler
                0x2000037e                GPIO24_IRQHandler
                0x20000380                GPIO25_IRQHandler
                0x20000382                GPIO26_IRQHandler
                0x20000384                GPIO27_IRQHandler
                0x20000386                GPIO28_IRQHandler
                0x20000388                GPIO29_IRQHandler
                0x2000038a                GPIO30_IRQHandler
                0x2000038c                GPIO31_IRQHandler
                0x2000038e                ACE_PC0_Flag0_IRQHandler
                0x20000390                ACE_PC0_Flag1_IRQHandler
                0x20000392                ACE_PC0_Flag2_IRQHandler
                0x20000394                ACE_PC0_Flag3_IRQHandler
                0x20000396                ACE_PC1_Flag0_IRQHandler
                0x20000398                ACE_PC1_Flag1_IRQHandler
                0x2000039a                ACE_PC1_Flag2_IRQHandler
                0x2000039c                ACE_PC1_Flag3_IRQHandler
                0x2000039e                ACE_PC2_Flag0_IRQHandler
                0x200003a0                ACE_PC2_Flag1_IRQHandler
                0x200003a2                ACE_PC2_Flag2_IRQHandler
                0x200003a4                ACE_PC2_Flag3_IRQHandler
                0x200003a6                ACE_ADC0_DataValid_IRQHandler
                0x200003a8                ACE_ADC1_DataValid_IRQHandler
                0x200003aa                ACE_ADC2_DataValid_IRQHandler
                0x200003ac                ACE_ADC0_CalDone_IRQHandler
                0x200003ae                ACE_ADC1_CalDone_IRQHandler
                0x200003b0                ACE_ADC2_CalDone_IRQHandler
                0x200003b2                ACE_ADC0_CalStart_IRQHandler
                0x200003b4                ACE_ADC1_CalStart_IRQHandler
                0x200003b6                ACE_ADC2_CalStart_IRQHandler
                0x200003b8                ACE_Comp0_Fall_IRQHandler
                0x200003ba                ACE_Comp1_Fall_IRQHandler
                0x200003bc                ACE_Comp2_Fall_IRQHandler
                0x200003be                ACE_Comp3_Fall_IRQHandler
                0x200003c0                ACE_Comp4_Fall_IRQHandler
                0x200003c2                ACE_Comp5_Fall_IRQHandler
                0x200003c4                ACE_Comp6_Fall_IRQHandler
                0x200003c6                ACE_Comp7_Fall_IRQHandler
                0x200003c8                ACE_Comp8_Fall_IRQHandler
                0x200003ca                ACE_Comp9_Fall_IRQHandler
                0x200003cc                ACE_Comp10_Fall_IRQHandler
                0x200003ce                ACE_Comp11_Fall_IRQHandler
                0x200003d0                ACE_Comp0_Rise_IRQHandler
                0x200003d2                ACE_Comp1_Rise_IRQHandler
                0x200003d4                ACE_Comp2_Rise_IRQHandler
                0x200003d6                ACE_Comp3_Rise_IRQHandler
                0x200003d8                ACE_Comp4_Rise_IRQHandler
                0x200003da                ACE_Comp5_Rise_IRQHandler
                0x200003dc                ACE_Comp6_Rise_IRQHandler
                0x200003de                ACE_Comp7_Rise_IRQHandler
                0x200003e0                ACE_Comp8_Rise_IRQHandler
                0x200003e2                ACE_Comp9_Rise_IRQHandler
                0x200003e4                ACE_Comp10_Rise_IRQHandler
                0x200003e6                ACE_Comp11_Rise_IRQHandler
                0x200003e8                ACE_ADC0_FifoFull_IRQHandler
                0x200003ea                ACE_ADC0_FifoAFull_IRQHandler
                0x200003ec                ACE_ADC0_FifoEmpty_IRQHandler
                0x200003ee                ACE_ADC1_FifoFull_IRQHandler
                0x200003f0                ACE_ADC1_FifoAFull_IRQHandler
                0x200003f2                ACE_ADC1_FifoEmpty_IRQHandler
                0x200003f4                ACE_ADC2_FifoFull_IRQHandler
                0x200003f6                ACE_ADC2_FifoAFull_IRQHandler
                0x200003f8                ACE_ADC2_FifoEmpty_IRQHandler
                0x200003fa                ACE_PPE_Flag0_IRQHandler
                0x200003fc                ACE_PPE_Flag1_IRQHandler
                0x200003fe                ACE_PPE_Flag2_IRQHandler
                0x20000400                ACE_PPE_Flag3_IRQHandler
                0x20000402                ACE_PPE_Flag4_IRQHandler
                0x20000404                ACE_PPE_Flag5_IRQHandler
                0x20000406                ACE_PPE_Flag6_IRQHandler
                0x20000408                ACE_PPE_Flag7_IRQHandler
                0x2000040a                ACE_PPE_Flag8_IRQHandler
                0x2000040c                ACE_PPE_Flag9_IRQHandler
                0x2000040e                ACE_PPE_Flag10_IRQHandler
                0x20000410                ACE_PPE_Flag11_IRQHandler
                0x20000412                ACE_PPE_Flag12_IRQHandler
                0x20000414                ACE_PPE_Flag13_IRQHandler
                0x20000416                ACE_PPE_Flag14_IRQHandler
                0x20000418                ACE_PPE_Flag15_IRQHandler
                0x2000041a                ACE_PPE_Flag16_IRQHandler
                0x2000041c                ACE_PPE_Flag17_IRQHandler
                0x2000041e                ACE_PPE_Flag18_IRQHandler
                0x20000420                ACE_PPE_Flag19_IRQHandler
                0x20000422                ACE_PPE_Flag20_IRQHandler
                0x20000424                ACE_PPE_Flag21_IRQHandler
                0x20000426                ACE_PPE_Flag22_IRQHandler
                0x20000428                ACE_PPE_Flag23_IRQHandler
                0x2000042a                ACE_PPE_Flag24_IRQHandler
                0x2000042c                ACE_PPE_Flag25_IRQHandler
                0x2000042e                ACE_PPE_Flag26_IRQHandler
                0x20000430                ACE_PPE_Flag27_IRQHandler
                0x20000432                ACE_PPE_Flag28_IRQHandler
                0x20000434                ACE_PPE_Flag29_IRQHandler
                0x20000436                ACE_PPE_Flag30_IRQHandler
                0x20000438                ACE_PPE_Flag31_IRQHandler
 *(.text .text.* .gnu.linkonce.t.*)
 .text          0x20000470       0x30 c:/microsemi/softconsole v3.3/sourcery-g++/bin/../lib/gcc/arm-none-eabi/4.4.1/thumb2/crtbegin.o
 .text.main     0x200004a0      0x198 ./main.o
                0x200004a0                main
 .text._close   0x20000638        0x8 C:/Users/phammel/Desktop/starter/irc/SoftConsole/infr_MSS_CM3_0/infr_MSS_CM3_0_hw_platform/Debug/CMSIS/startup_gcc/newlib_stubs.o
                0x20000638                _close
 .text._exit    0x20000640        0x4 C:/Users/phammel/Desktop/starter/irc/SoftConsole/infr_MSS_CM3_0/infr_MSS_CM3_0_hw_platform/Debug/CMSIS/startup_gcc/newlib_stubs.o
                0x20000640                _exit
 .text._fstat   0x20000644        0xc C:/Users/phammel/Desktop/starter/irc/SoftConsole/infr_MSS_CM3_0/infr_MSS_CM3_0_hw_platform/Debug/CMSIS/startup_gcc/newlib_stubs.o
                0x20000644                _fstat
 .text._isatty  0x20000650        0x8 C:/Users/phammel/Desktop/starter/irc/SoftConsole/infr_MSS_CM3_0/infr_MSS_CM3_0_hw_platform/Debug/CMSIS/startup_gcc/newlib_stubs.o
                0x20000650                _isatty
 .text._lseek   0x20000658        0x8 C:/Users/phammel/Desktop/starter/irc/SoftConsole/infr_MSS_CM3_0/infr_MSS_CM3_0_hw_platform/Debug/CMSIS/startup_gcc/newlib_stubs.o
                0x20000658                _lseek
 .text._read    0x20000660        0x8 C:/Users/phammel/Desktop/starter/irc/SoftConsole/infr_MSS_CM3_0/infr_MSS_CM3_0_hw_platform/Debug/CMSIS/startup_gcc/newlib_stubs.o
                0x20000660                _read
 .text._write_r
                0x20000668       0x48 C:/Users/phammel/Desktop/starter/irc/SoftConsole/infr_MSS_CM3_0/infr_MSS_CM3_0_hw_platform/Debug/CMSIS/startup_gcc/newlib_stubs.o
                0x20000668                _write_r
 .text._sbrk    0x200006b0       0x64 C:/Users/phammel/Desktop/starter/irc/SoftConsole/infr_MSS_CM3_0/infr_MSS_CM3_0_hw_platform/Debug/CMSIS/startup_gcc/newlib_stubs.o
                0x200006b0                _sbrk
 .text.MSS_UART_polled_tx
                0x20000714       0xac C:\Users\phammel\Desktop\starter\irc\SoftConsole\infr_MSS_CM3_0\infr_MSS_CM3_0_hw_platform\Debug\libinfr_MSS_CM3_0_hw_platform.a(mss_uart.o)
                0x20000714                MSS_UART_polled_tx
 .text.MSS_UART_isr
                0x200007c0       0x70 C:\Users\phammel\Desktop\starter\irc\SoftConsole\infr_MSS_CM3_0\infr_MSS_CM3_0_hw_platform\Debug\libinfr_MSS_CM3_0_hw_platform.a(mss_uart.o)
 .text.default_tx_handler
                0x20000830       0xa8 C:\Users\phammel\Desktop\starter\irc\SoftConsole\infr_MSS_CM3_0\infr_MSS_CM3_0_hw_platform\Debug\libinfr_MSS_CM3_0_hw_platform.a(mss_uart.o)
 .text.UART0_IRQHandler
                0x200008d8       0x30 C:\Users\phammel\Desktop\starter\irc\SoftConsole\infr_MSS_CM3_0\infr_MSS_CM3_0_hw_platform\Debug\libinfr_MSS_CM3_0_hw_platform.a(mss_uart.o)
                0x200008d8                UART0_IRQHandler
 .text.UART1_IRQHandler
                0x20000908       0x30 C:\Users\phammel\Desktop\starter\irc\SoftConsole\infr_MSS_CM3_0\infr_MSS_CM3_0_hw_platform\Debug\libinfr_MSS_CM3_0_hw_platform.a(mss_uart.o)
                0x20000908                UART1_IRQHandler
 .text.MSS_UART_init
                0x20000938      0x150 C:\Users\phammel\Desktop\starter\irc\SoftConsole\infr_MSS_CM3_0\infr_MSS_CM3_0_hw_platform\Debug\libinfr_MSS_CM3_0_hw_platform.a(mss_uart.o)
                0x20000938                MSS_UART_init
 .text.MSS_I2C_wait_complete
                0x20000a88       0x28 C:\Users\phammel\Desktop\starter\irc\SoftConsole\infr_MSS_CM3_0\infr_MSS_CM3_0_hw_platform\Debug\libinfr_MSS_CM3_0_hw_platform.a(mss_i2c.o)
                0x20000a88                MSS_I2C_wait_complete
 .text.enable_slave_if_required
                0x20000ab0       0x10 C:\Users\phammel\Desktop\starter\irc\SoftConsole\infr_MSS_CM3_0\infr_MSS_CM3_0_hw_platform\Debug\libinfr_MSS_CM3_0_hw_platform.a(mss_i2c.o)
 .text.mss_i2c_isr
                0x20000ac0      0x594 C:\Users\phammel\Desktop\starter\irc\SoftConsole\infr_MSS_CM3_0\infr_MSS_CM3_0_hw_platform\Debug\libinfr_MSS_CM3_0_hw_platform.a(mss_i2c.o)
 .text.I2C0_IRQHandler
                0x20001054       0x30 C:\Users\phammel\Desktop\starter\irc\SoftConsole\infr_MSS_CM3_0\infr_MSS_CM3_0_hw_platform\Debug\libinfr_MSS_CM3_0_hw_platform.a(mss_i2c.o)
                0x20001054                I2C0_IRQHandler
 .text.I2C1_IRQHandler
                0x20001084       0x30 C:\Users\phammel\Desktop\starter\irc\SoftConsole\infr_MSS_CM3_0\infr_MSS_CM3_0_hw_platform\Debug\libinfr_MSS_CM3_0_hw_platform.a(mss_i2c.o)
                0x20001084                I2C1_IRQHandler
 .text.disable_interrupts
                0x200010b4       0x14 C:\Users\phammel\Desktop\starter\irc\SoftConsole\infr_MSS_CM3_0\infr_MSS_CM3_0_hw_platform\Debug\libinfr_MSS_CM3_0_hw_platform.a(mss_i2c.o)
 .text.restore_interrupts
                0x200010c8        0x8 C:\Users\phammel\Desktop\starter\irc\SoftConsole\infr_MSS_CM3_0\infr_MSS_CM3_0_hw_platform\Debug\libinfr_MSS_CM3_0_hw_platform.a(mss_i2c.o)
 .text.MSS_I2C_read
                0x200010d0       0xe0 C:\Users\phammel\Desktop\starter\irc\SoftConsole\infr_MSS_CM3_0\infr_MSS_CM3_0_hw_platform\Debug\libinfr_MSS_CM3_0_hw_platform.a(mss_i2c.o)
                0x200010d0                MSS_I2C_read
 .text.MSS_I2C_write
                0x200011b0       0xdc C:\Users\phammel\Desktop\starter\irc\SoftConsole\infr_MSS_CM3_0\infr_MSS_CM3_0_hw_platform\Debug\libinfr_MSS_CM3_0_hw_platform.a(mss_i2c.o)
                0x200011b0                MSS_I2C_write
 .text.MSS_I2C_init
                0x2000128c      0x11c C:\Users\phammel\Desktop\starter\irc\SoftConsole\infr_MSS_CM3_0\infr_MSS_CM3_0_hw_platform\Debug\libinfr_MSS_CM3_0_hw_platform.a(mss_i2c.o)
                0x2000128c                MSS_I2C_init
 .text.__get_PRIMASK
                0x200013a8        0x8 C:\Users\phammel\Desktop\starter\irc\SoftConsole\infr_MSS_CM3_0\infr_MSS_CM3_0_hw_platform\Debug\libinfr_MSS_CM3_0_hw_platform.a(core_cm3.o)
                0x200013a8                __get_PRIMASK
 .text.__set_PRIMASK
                0x200013b0        0x8 C:\Users\phammel\Desktop\starter\irc\SoftConsole\infr_MSS_CM3_0\infr_MSS_CM3_0_hw_platform\Debug\libinfr_MSS_CM3_0_hw_platform.a(core_cm3.o)
                0x200013b0                __set_PRIMASK
 .text.SystemInit
                0x200013b8        0x4 C:\Users\phammel\Desktop\starter\irc\SoftConsole\infr_MSS_CM3_0\infr_MSS_CM3_0_hw_platform\Debug\libinfr_MSS_CM3_0_hw_platform.a(system_a2fxxxm3.o)
                0x200013b8                SystemInit
 .text.SystemCoreClockUpdate
                0x200013bc      0x130 C:\Users\phammel\Desktop\starter\irc\SoftConsole\infr_MSS_CM3_0\infr_MSS_CM3_0_hw_platform\Debug\libinfr_MSS_CM3_0_hw_platform.a(system_a2fxxxm3.o)
                0x200013bc                SystemCoreClockUpdate
 .text          0x200014ec       0x50 c:/microsemi/softconsole v3.3/sourcery-g++/bin/../lib/gcc/arm-none-eabi/4.4.1/../../../../arm-none-eabi/lib/thumb2\libc.a(lib_a-init.o)
                0x200014ec                __libc_init_array
 .text          0x2000153c       0xd4 c:/microsemi/softconsole v3.3/sourcery-g++/bin/../lib/gcc/arm-none-eabi/4.4.1/../../../../arm-none-eabi/lib/thumb2\libc.a(lib_a-memset.o)
                0x2000153c                memset
 .text          0x20001610       0x64 c:/microsemi/softconsole v3.3/sourcery-g++/bin/../lib/gcc/arm-none-eabi/4.4.1/../../../../arm-none-eabi/lib/thumb2\libc.a(lib_a-printf.o)
                0x20001610                printf
                0x20001648                _printf_r
 .text          0x20001674     0x1940 c:/microsemi/softconsole v3.3/sourcery-g++/bin/../lib/gcc/arm-none-eabi/4.4.1/../../../../arm-none-eabi/lib/thumb2\libc.a(lib_a-vfprintf.o)
                0x20001690                _vfprintf_r
                0x20002f98                vfprintf
 .text          0x20002fb4      0x104 c:/microsemi/softconsole v3.3/sourcery-g++/bin/../lib/gcc/arm-none-eabi/4.4.1/../../../../arm-none-eabi/lib/thumb2\libc.a(lib_a-wsetup.o)
                0x20002fb4                __swsetup_r
 .text          0x200030b8      0xfb8 c:/microsemi/softconsole v3.3/sourcery-g++/bin/../lib/gcc/arm-none-eabi/4.4.1/../../../../arm-none-eabi/lib/thumb2\libc.a(lib_a-dtoa.o)
                0x200031d8                _dtoa_r
 .text          0x20004070      0x178 c:/microsemi/softconsole v3.3/sourcery-g++/bin/../lib/gcc/arm-none-eabi/4.4.1/../../../../arm-none-eabi/lib/thumb2\libc.a(lib_a-fflush.o)
                0x20004070                _fflush_r
                0x200041c0                fflush
 .text          0x200041e8      0x1c8 c:/microsemi/softconsole v3.3/sourcery-g++/bin/../lib/gcc/arm-none-eabi/4.4.1/../../../../arm-none-eabi/lib/thumb2\libc.a(lib_a-findfp.o)
                0x200041e8                __sfp_lock_acquire
                0x200041ec                __sfp_lock_release
                0x200041f0                __sinit_lock_acquire
                0x200041f4                __sinit_lock_release
                0x20004200                __fp_unlock_all
                0x20004218                __fp_lock_all
                0x20004230                _cleanup_r
                0x2000423c                _cleanup
                0x20004298                __sfmoreglue
                0x200042c8                __sfp
                0x20004350                __sinit
 .text          0x200043b0      0x268 c:/microsemi/softconsole v3.3/sourcery-g++/bin/../lib/gcc/arm-none-eabi/4.4.1/../../../../arm-none-eabi/lib/thumb2\libc.a(lib_a-freer.o)
                0x200043b0                _malloc_trim_r
                0x20004458                _free_r
 .text          0x20004618      0x334 c:/microsemi/softconsole v3.3/sourcery-g++/bin/../lib/gcc/arm-none-eabi/4.4.1/../../../../arm-none-eabi/lib/thumb2\libc.a(lib_a-fvwrite.o)
                0x20004618                __sfvwrite_r
 .text          0x2000494c       0xa0 c:/microsemi/softconsole v3.3/sourcery-g++/bin/../lib/gcc/arm-none-eabi/4.4.1/../../../../arm-none-eabi/lib/thumb2\libc.a(lib_a-fwalk.o)
                0x2000494c                _fwalk_reent
                0x200049a0                _fwalk
 .text          0x200049ec       0x74 c:/microsemi/softconsole v3.3/sourcery-g++/bin/../lib/gcc/arm-none-eabi/4.4.1/../../../../arm-none-eabi/lib/thumb2\libc.a(lib_a-locale.o)
                0x200049ec                __locale_charset
                0x200049f8                _localeconv_r
                0x20004a00                localeconv
                0x20004a08                _setlocale_r
                0x20004a50                setlocale
 .text          0x20004a60       0xdc c:/microsemi/softconsole v3.3/sourcery-g++/bin/../lib/gcc/arm-none-eabi/4.4.1/../../../../arm-none-eabi/lib/thumb2\libc.a(lib_a-makebuf.o)
                0x20004a60                __smakebuf_r
 .text          0x20004b3c       0x20 c:/microsemi/softconsole v3.3/sourcery-g++/bin/../lib/gcc/arm-none-eabi/4.4.1/../../../../arm-none-eabi/lib/thumb2\libc.a(lib_a-malloc.o)
                0x20004b3c                free
                0x20004b4c                malloc
 .text          0x20004b5c      0x5a4 c:/microsemi/softconsole v3.3/sourcery-g++/bin/../lib/gcc/arm-none-eabi/4.4.1/../../../../arm-none-eabi/lib/thumb2\libc.a(lib_a-mallocr.o)
                0x20004b5c                _malloc_r
 .text          0x20005100       0x74 c:/microsemi/softconsole v3.3/sourcery-g++/bin/../lib/gcc/arm-none-eabi/4.4.1/../../../../arm-none-eabi/lib/thumb2\libc.a(lib_a-memchr.o)
                0x20005100                memchr
 .text          0x20005174      0x190 c:/microsemi/softconsole v3.3/sourcery-g++/bin/../lib/gcc/arm-none-eabi/4.4.1/../../../../arm-none-eabi/lib/thumb2\libc.a(lib_a-memcpy.o)
                0x20005174                memcpy
 .text          0x20005304       0xb8 c:/microsemi/softconsole v3.3/sourcery-g++/bin/../lib/gcc/arm-none-eabi/4.4.1/../../../../arm-none-eabi/lib/thumb2\libc.a(lib_a-memmove.o)
                0x20005304                memmove
 .text          0x200053bc        0x8 c:/microsemi/softconsole v3.3/sourcery-g++/bin/../lib/gcc/arm-none-eabi/4.4.1/../../../../arm-none-eabi/lib/thumb2\libc.a(lib_a-mlock.o)
                0x200053bc                __malloc_lock
                0x200053c0                __malloc_unlock
 .text          0x200053c4      0x958 c:/microsemi/softconsole v3.3/sourcery-g++/bin/../lib/gcc/arm-none-eabi/4.4.1/../../../../arm-none-eabi/lib/thumb2\libc.a(lib_a-mprec.o)
                0x200053c4                __hi0bits
                0x20005404                __lo0bits
                0x20005468                __mcmp
                0x200054a8                __ulp
                0x200054f4                __b2d
                0x2000559c                __ratio
                0x200055fc                _mprec_log10
                0x20005634                __copybits
                0x20005684                __any_on
                0x200056dc                _Bfree
                0x20005714                _Balloc
                0x20005780                __d2b
                0x20005850                __mdiff
                0x20005948                __lshift
                0x20005a04                __multiply
                0x20005b38                __i2b
                0x20005b4c                __multadd
                0x20005bd4                __pow5mult
                0x20005c80                __s2b
 .text          0x20005d1c      0x3b4 c:/microsemi/softconsole v3.3/sourcery-g++/bin/../lib/gcc/arm-none-eabi/4.4.1/../../../../arm-none-eabi/lib/thumb2\libc.a(lib_a-reallocr.o)
                0x20005d1c                _realloc_r
 .text          0x200060d0       0x24 c:/microsemi/softconsole v3.3/sourcery-g++/bin/../lib/gcc/arm-none-eabi/4.4.1/../../../../arm-none-eabi/lib/thumb2\libc.a(lib_a-s_isinfd.o)
                0x200060d0                __isinfd
 .text          0x200060f4       0x1c c:/microsemi/softconsole v3.3/sourcery-g++/bin/../lib/gcc/arm-none-eabi/4.4.1/../../../../arm-none-eabi/lib/thumb2\libc.a(lib_a-s_isnand.o)
                0x200060f4                __isnand
 .text          0x20006110       0x28 c:/microsemi/softconsole v3.3/sourcery-g++/bin/../lib/gcc/arm-none-eabi/4.4.1/../../../../arm-none-eabi/lib/thumb2\libc.a(lib_a-sbrkr.o)
                0x20006110                _sbrk_r
 .text          0x20006138       0x90 c:/microsemi/softconsole v3.3/sourcery-g++/bin/../lib/gcc/arm-none-eabi/4.4.1/../../../../arm-none-eabi/lib/thumb2\libc.a(lib_a-stdio.o)
                0x20006138                __sclose
                0x20006140                __sseek
                0x20006168                __swrite
                0x200061a4                __sread
 .text          0x200061c8      0x1dc c:/microsemi/softconsole v3.3/sourcery-g++/bin/../lib/gcc/arm-none-eabi/4.4.1/../../../../arm-none-eabi/lib/thumb2\libc.a(lib_a-strcmp.o)
                0x200061c8                strcmp
 .text          0x200063a4       0x60 c:/microsemi/softconsole v3.3/sourcery-g++/bin/../lib/gcc/arm-none-eabi/4.4.1/../../../../arm-none-eabi/lib/thumb2\libc.a(lib_a-strlen.o)
                0x200063a4                strlen
 .text          0x20006404       0x5c c:/microsemi/softconsole v3.3/sourcery-g++/bin/../lib/gcc/arm-none-eabi/4.4.1/../../../../arm-none-eabi/lib/thumb2\libc.a(lib_a-callocr.o)
                0x20006404                _calloc_r
 .text          0x20006460       0x28 c:/microsemi/softconsole v3.3/sourcery-g++/bin/../lib/gcc/arm-none-eabi/4.4.1/../../../../arm-none-eabi/lib/thumb2\libc.a(lib_a-closer.o)
                0x20006460                _close_r
 .text          0x20006488       0xcc c:/microsemi/softconsole v3.3/sourcery-g++/bin/../lib/gcc/arm-none-eabi/4.4.1/../../../../arm-none-eabi/lib/thumb2\libc.a(lib_a-fclose.o)
                0x20006488                _fclose_r
                0x20006544                fclose
 .text          0x20006554       0x2c c:/microsemi/softconsole v3.3/sourcery-g++/bin/../lib/gcc/arm-none-eabi/4.4.1/../../../../arm-none-eabi/lib/thumb2\libc.a(lib_a-fstatr.o)
                0x20006554                _fstat_r
 .text          0x20006580       0x28 c:/microsemi/softconsole v3.3/sourcery-g++/bin/../lib/gcc/arm-none-eabi/4.4.1/../../../../arm-none-eabi/lib/thumb2\libc.a(lib_a-isattyr.o)
                0x20006580                _isatty_r
 .text          0x200065a8       0x2c c:/microsemi/softconsole v3.3/sourcery-g++/bin/../lib/gcc/arm-none-eabi/4.4.1/../../../../arm-none-eabi/lib/thumb2\libc.a(lib_a-lseekr.o)
                0x200065a8                _lseek_r
 .text          0x200065d4       0x2c c:/microsemi/softconsole v3.3/sourcery-g++/bin/../lib/gcc/arm-none-eabi/4.4.1/../../../../arm-none-eabi/lib/thumb2\libc.a(lib_a-readr.o)
                0x200065d4                _read_r
 .text          0x20006600      0x278 c:/microsemi/softconsole v3.3/sourcery-g++/bin/../lib/gcc/arm-none-eabi/4.4.1/thumb2\libgcc.a(_udivsi3.o)
                0x20006600                __aeabi_uidiv
                0x20006600                __udivsi3
                0x2000685c                __aeabi_uidivmod
 .text          0x20006878        0x4 c:/microsemi/softconsole v3.3/sourcery-g++/bin/../lib/gcc/arm-none-eabi/4.4.1/thumb2\libgcc.a(_dvmd_tls.o)
                0x20006878                __aeabi_idiv0
                0x20006878                __aeabi_ldiv0
 .text          0x2000687c      0x370 c:/microsemi/softconsole v3.3/sourcery-g++/bin/../lib/gcc/arm-none-eabi/4.4.1/thumb2\libgcc.a(_arm_addsubdf3.o)
                0x2000687c                __aeabi_drsub
                0x20006884                __aeabi_dsub
                0x20006884                __subdf3
                0x20006888                __aeabi_dadd
                0x20006888                __adddf3
                0x20006b00                __floatunsidf
                0x20006b00                __aeabi_ui2d
                0x20006b20                __floatsidf
                0x20006b20                __aeabi_i2d
                0x20006b44                __aeabi_f2d
                0x20006b44                __extendsfdf2
                0x20006b80                __floatundidf
                0x20006b80                __aeabi_ul2d
                0x20006b90                __floatdidf
                0x20006b90                __aeabi_l2d
 .text          0x20006bec      0x424 c:/microsemi/softconsole v3.3/sourcery-g++/bin/../lib/gcc/arm-none-eabi/4.4.1/thumb2\libgcc.a(_arm_muldivdf3.o)
                0x20006bec                __aeabi_dmul
                0x20006bec                __muldf3
                0x20006e40                __divdf3
                0x20006e40                __aeabi_ddiv
 .text          0x20007010      0x110 c:/microsemi/softconsole v3.3/sourcery-g++/bin/../lib/gcc/arm-none-eabi/4.4.1/thumb2\libgcc.a(_arm_cmpdf2.o)
                0x20007010                __gtdf2
                0x20007010                __gedf2
                0x20007018                __ltdf2
                0x20007018                __ledf2
                0x20007020                __nedf2
                0x20007020                __eqdf2
                0x20007020                __cmpdf2
                0x2000709c                __aeabi_cdrcmple
                0x200070ac                __aeabi_cdcmpeq
                0x200070ac                __aeabi_cdcmple
                0x200070bc                __aeabi_dcmpeq
                0x200070d0                __aeabi_dcmplt
                0x200070e4                __aeabi_dcmple
                0x200070f8                __aeabi_dcmpge
                0x2000710c                __aeabi_dcmpgt
 .text          0x20007120       0x50 c:/microsemi/softconsole v3.3/sourcery-g++/bin/../lib/gcc/arm-none-eabi/4.4.1/thumb2\libgcc.a(_arm_fixdfsi.o)
                0x20007120                __aeabi_d2iz
                0x20007120                __fixdfsi
 .text          0x20007170       0x2c c:/microsemi/softconsole v3.3/sourcery-g++/bin/../lib/gcc/arm-none-eabi/4.4.1/thumb2\libgcc.a(_aeabi_uldivmod.o)
                0x20007170                __aeabi_uldivmod
 .text          0x2000719c       0x58 c:/microsemi/softconsole v3.3/sourcery-g++/bin/../lib/gcc/arm-none-eabi/4.4.1/thumb2\libgcc.a(bpabi.o)
                0x2000719c                __gnu_uldivmod_helper
                0x200071c8                __gnu_ldivmod_helper
 .text          0x200071f4      0x364 c:/microsemi/softconsole v3.3/sourcery-g++/bin/../lib/gcc/arm-none-eabi/4.4.1/thumb2\libgcc.a(_divdi3.o)
                0x200071f4                __divdi3
 .text          0x20007558      0x300 c:/microsemi/softconsole v3.3/sourcery-g++/bin/../lib/gcc/arm-none-eabi/4.4.1/thumb2\libgcc.a(_udivdi3.o)
                0x20007558                __udivdi3
 *(.plt)
 *(.gnu.warning)
 *(.glue_7t)
 .glue_7t       0x00000000        0x0 linker stubs
 *(.glue_7)
 .glue_7        0x00000000        0x0 linker stubs
 *(.vfp11_veneer)
 .vfp11_veneer  0x00000000        0x0 linker stubs
                0x20007858                . = ALIGN (0x4)
 *crtbegin.o(.ctors)
 *(EXCLUDE_FILE(*crtend.o) .ctors)
 *(SORT(.ctors.*))
 *crtend.o(.ctors)
 *crtbegin.o(.dtors)
 *(EXCLUDE_FILE(*crtend.o) .dtors)
 *(SORT(.dtors.*))
 *crtend.o(.dtors)
 *(.rodata .rodata.* .gnu.linkonce.r.*)
 .rodata.C.17.3625
                0x20007858        0x4 ./main.o
 .rodata.C.20.3628
                0x2000785c        0x4 ./main.o
 .rodata.C.16.3624
                0x20007860        0x4 ./main.o
 .rodata.str1.4
                0x20007864       0x23 ./main.o
                                 0x24 (size before relaxing)
 *fill*         0x20007887        0x1 00
 .rodata.C.19.3627
                0x20007888        0x4 ./main.o
 .rodata.C.18.3626
                0x2000788c        0x4 ./main.o
 .rodata.C.21.3629
                0x20007890        0x4 ./main.o
 .rodata.str1.4
                0x20007894       0x1a C:/Users/phammel/Desktop/starter/irc/SoftConsole/infr_MSS_CM3_0/infr_MSS_CM3_0_hw_platform/Debug/CMSIS/startup_gcc/newlib_stubs.o
                                 0x1c (size before relaxing)
 *fill*         0x200078ae        0x2 00
 .rodata.C.16.2565
                0x200078b0       0x10 C:\Users\phammel\Desktop\starter\irc\SoftConsole\infr_MSS_CM3_0\infr_MSS_CM3_0_hw_platform\Debug\libinfr_MSS_CM3_0_hw_platform.a(system_a2fxxxm3.o)
 .rodata        0x200078c0        0x4 c:/microsemi/softconsole v3.3/sourcery-g++/bin/../lib/gcc/arm-none-eabi/4.4.1/../../../../arm-none-eabi/lib/thumb2\libc.a(lib_a-impure.o)
                0x200078c0                _global_impure_ptr
 .rodata.str1.4
                0x200078c4        0x2 c:/microsemi/softconsole v3.3/sourcery-g++/bin/../lib/gcc/arm-none-eabi/4.4.1/../../../../arm-none-eabi/lib/thumb2\libc.a(lib_a-impure.o)
                                  0x4 (size before relaxing)
 *fill*         0x200078c6        0x2 00
 .rodata        0x200078c8       0x20 c:/microsemi/softconsole v3.3/sourcery-g++/bin/../lib/gcc/arm-none-eabi/4.4.1/../../../../arm-none-eabi/lib/thumb2\libc.a(lib_a-vfprintf.o)
 .rodata.str1.4
                0x200078e8       0x42 c:/microsemi/softconsole v3.3/sourcery-g++/bin/../lib/gcc/arm-none-eabi/4.4.1/../../../../arm-none-eabi/lib/thumb2\libc.a(lib_a-vfprintf.o)
                                 0x44 (size before relaxing)
 *fill*         0x2000792a        0x2 00
 .rodata.str1.4
                0x2000792c       0x10 c:/microsemi/softconsole v3.3/sourcery-g++/bin/../lib/gcc/arm-none-eabi/4.4.1/../../../../arm-none-eabi/lib/thumb2\libc.a(lib_a-dtoa.o)
                                 0x14 (size before relaxing)
 .rodata        0x2000793c       0x60 c:/microsemi/softconsole v3.3/sourcery-g++/bin/../lib/gcc/arm-none-eabi/4.4.1/../../../../arm-none-eabi/lib/thumb2\libc.a(lib_a-findfp.o)
                0x2000793c                __sf_fake_stdin
                0x2000795c                __sf_fake_stdout
                0x2000797c                __sf_fake_stderr
 .rodata        0x2000799c       0x34 c:/microsemi/softconsole v3.3/sourcery-g++/bin/../lib/gcc/arm-none-eabi/4.4.1/../../../../arm-none-eabi/lib/thumb2\libc.a(lib_a-locale.o)
 .rodata.str1.4
                0x200079d0       0x10 c:/microsemi/softconsole v3.3/sourcery-g++/bin/../lib/gcc/arm-none-eabi/4.4.1/../../../../arm-none-eabi/lib/thumb2\libc.a(lib_a-locale.o)
                                 0x18 (size before relaxing)
 .rodata        0x200079e0      0x128 c:/microsemi/softconsole v3.3/sourcery-g++/bin/../lib/gcc/arm-none-eabi/4.4.1/../../../../arm-none-eabi/lib/thumb2\libc.a(lib_a-mprec.o)
                0x200079e0                __mprec_tens
                0x20007ab8                __mprec_bigtens
                0x20007ae0                __mprec_tinytens
 *(.ARM.extab* .gnu.linkonce.armextab.*)
 *(.gcc_except_table)
 *(.eh_frame_hdr)
 *(.eh_frame)
 *(.init)
 .init          0x20007b08        0x4 c:/microsemi/softconsole v3.3/sourcery-g++/bin/../lib/gcc/arm-none-eabi/4.4.1/thumb2/crti.o
                0x20007b08                _init
 .init          0x20007b0c        0x8 c:/microsemi/softconsole v3.3/sourcery-g++/bin/../lib/gcc/arm-none-eabi/4.4.1/thumb2/crtn.o
 *(.fini)
 .fini          0x20007b14        0x4 c:/microsemi/softconsole v3.3/sourcery-g++/bin/../lib/gcc/arm-none-eabi/4.4.1/thumb2/crti.o
                0x20007b14                _fini
 .fini          0x20007b18        0x8 c:/microsemi/softconsole v3.3/sourcery-g++/bin/../lib/gcc/arm-none-eabi/4.4.1/thumb2/crtn.o
                0x20007b20                PROVIDE (__preinit_array_start, .)
 *(.preinit_array)
                0x20007b20                PROVIDE (__preinit_array_end, .)
                0x20007b20                PROVIDE (__init_array_start, .)
 *(SORT(.init_array.*))
 *(.init_array)
 .init_array    0x20007b20        0x4 c:/microsemi/softconsole v3.3/sourcery-g++/bin/../lib/gcc/arm-none-eabi/4.4.1/thumb2/crtbegin.o
                0x20007b24                PROVIDE (__init_array_end, .)
                0x20007b24                PROVIDE (__fini_array_start, .)
 *(.fini_array)
 .fini_array    0x20007b24        0x4 c:/microsemi/softconsole v3.3/sourcery-g++/bin/../lib/gcc/arm-none-eabi/4.4.1/thumb2/crtbegin.o
 *(SORT(.fini_array.*))
                0x20007b28                PROVIDE (__fini_array_end, .)
                0x20007b28                __exidx_start = .

.v4_bx          0x20007b28        0x0
 .v4_bx         0x00000000        0x0 linker stubs

.ARM.exidx      0x20007b28        0x8
 *(.ARM.exidx* .gnu.linkonce.armexidx.*)
 .ARM.exidx     0x20007b28        0x8 c:/microsemi/softconsole v3.3/sourcery-g++/bin/../lib/gcc/arm-none-eabi/4.4.1/thumb2\libgcc.a(_divdi3.o)
 .ARM.exidx     0x20007b30        0x0 c:/microsemi/softconsole v3.3/sourcery-g++/bin/../lib/gcc/arm-none-eabi/4.4.1/thumb2\libgcc.a(_udivdi3.o)
                                  0x8 (size before relaxing)
                0x20007b30                __exidx_end = .
                0x20007b30                _etext = .
                0x20007b30                PROVIDE (__text_end, .)

.data           0x20007b30      0x520
                0x20007b30                __data_load = LOADADDR (.data)
                0x20007b30                _sidata = LOADADDR (.data)
                0x20007b30                __data_start = .
                0x20007b30                _sdata = .
 *(.jcr)
 .jcr           0x20007b30        0x0 c:/microsemi/softconsole v3.3/sourcery-g++/bin/../lib/gcc/arm-none-eabi/4.4.1/thumb2/crtbegin.o
 .jcr           0x20007b30        0x4 c:/microsemi/softconsole v3.3/sourcery-g++/bin/../lib/gcc/arm-none-eabi/4.4.1/thumb2/crtend.o
 *(.got.plt)
 *(.got)
 *(.shdata)
 *(.data .data.* .gnu.linkonce.d.*)
 .data.g_FrequencyACE
                0x20007b34        0x4 C:\Users\phammel\Desktop\starter\irc\SoftConsole\infr_MSS_CM3_0\infr_MSS_CM3_0_hw_platform\Debug\libinfr_MSS_CM3_0_hw_platform.a(system_a2fxxxm3.o)
                0x20007b34                g_FrequencyACE
 .data.g_FrequencyFPGA
                0x20007b38        0x4 C:\Users\phammel\Desktop\starter\irc\SoftConsole\infr_MSS_CM3_0\infr_MSS_CM3_0_hw_platform\Debug\libinfr_MSS_CM3_0_hw_platform.a(system_a2fxxxm3.o)
                0x20007b38                g_FrequencyFPGA
 .data.g_FrequencyPCLK0
                0x20007b3c        0x4 C:\Users\phammel\Desktop\starter\irc\SoftConsole\infr_MSS_CM3_0\infr_MSS_CM3_0_hw_platform\Debug\libinfr_MSS_CM3_0_hw_platform.a(system_a2fxxxm3.o)
                0x20007b3c                g_FrequencyPCLK0
 .data.g_FrequencyPCLK1
                0x20007b40        0x4 C:\Users\phammel\Desktop\starter\irc\SoftConsole\infr_MSS_CM3_0\infr_MSS_CM3_0_hw_platform\Debug\libinfr_MSS_CM3_0_hw_platform.a(system_a2fxxxm3.o)
                0x20007b40                g_FrequencyPCLK1
 .data.SystemCoreClock
                0x20007b44        0x4 C:\Users\phammel\Desktop\starter\irc\SoftConsole\infr_MSS_CM3_0\infr_MSS_CM3_0_hw_platform\Debug\libinfr_MSS_CM3_0_hw_platform.a(system_a2fxxxm3.o)
                0x20007b44                SystemCoreClock
 .data.SystemFrequency
                0x20007b48        0x4 C:\Users\phammel\Desktop\starter\irc\SoftConsole\infr_MSS_CM3_0\infr_MSS_CM3_0_hw_platform\Debug\libinfr_MSS_CM3_0_hw_platform.a(system_a2fxxxm3.o)
                0x20007b48                SystemFrequency
 .data          0x20007b4c       0xf4 c:/microsemi/softconsole v3.3/sourcery-g++/bin/../lib/gcc/arm-none-eabi/4.4.1/../../../../arm-none-eabi/lib/thumb2\libc.a(lib_a-impure.o)
                0x20007b4c                _impure_ptr
 .data          0x20007c40      0x410 c:/microsemi/softconsole v3.3/sourcery-g++/bin/../lib/gcc/arm-none-eabi/4.4.1/../../../../arm-none-eabi/lib/thumb2\libc.a(lib_a-mallocr.o)
                0x20007c40                __malloc_av_
                0x20008048                __malloc_sbrk_base
                0x2000804c                __malloc_trim_threshold
                0x20008050                . = ALIGN (0x4)
                0x20008050                _edata = .

.bss            0x20008050      0x180
                0x20008050                __bss_start__ = .
                0x20008050                _sbss = .
 *(.shbss)
 *(.bss .bss.* .gnu.linkonce.b.*)
 .bss           0x20008050        0x1 c:/microsemi/softconsole v3.3/sourcery-g++/bin/../lib/gcc/arm-none-eabi/4.4.1/thumb2/crtbegin.o
 *fill*         0x20008051        0x3 00
 .bss.g_stdio_uart_init_done
                0x20008054        0x4 C:/Users/phammel/Desktop/starter/irc/SoftConsole/infr_MSS_CM3_0/infr_MSS_CM3_0_hw_platform/Debug/CMSIS/startup_gcc/newlib_stubs.o
 .bss.heap_end.3583
                0x20008058        0x4 C:/Users/phammel/Desktop/starter/irc/SoftConsole/infr_MSS_CM3_0/infr_MSS_CM3_0_hw_platform/Debug/CMSIS/startup_gcc/newlib_stubs.o
 .bss           0x2000805c       0x34 c:/microsemi/softconsole v3.3/sourcery-g++/bin/../lib/gcc/arm-none-eabi/4.4.1/../../../../arm-none-eabi/lib/thumb2\libc.a(lib_a-mallocr.o)
                0x2000805c                __malloc_top_pad
                0x20008060                __malloc_current_mallinfo
                0x20008088                __malloc_max_sbrked_mem
                0x2000808c                __malloc_max_total_mem
 *(COMMON)
 COMMON         0x20008090       0x50 C:\Users\phammel\Desktop\starter\irc\SoftConsole\infr_MSS_CM3_0\infr_MSS_CM3_0_hw_platform\Debug\libinfr_MSS_CM3_0_hw_platform.a(mss_uart.o)
                0x20008090                g_mss_uart1
                0x200080b8                g_mss_uart0
 COMMON         0x200080e0       0xe8 C:\Users\phammel\Desktop\starter\irc\SoftConsole\infr_MSS_CM3_0\infr_MSS_CM3_0_hw_platform\Debug\libinfr_MSS_CM3_0_hw_platform.a(mss_i2c.o)
                0x200080e0                g_mss_i2c0
                0x20008154                g_mss_i2c1
 COMMON         0x200081c8        0x4 c:/microsemi/softconsole v3.3/sourcery-g++/bin/../lib/gcc/arm-none-eabi/4.4.1/../../../../arm-none-eabi/lib/thumb2\libc.a(lib_a-reent.o)
                0x200081c8                errno
                0x200081d0                . = ALIGN (0x8)
 *fill*         0x200081cc        0x4 00
                0x200081d0                __bss_end__ = .
                0x200081d0                _end = .
                0x200081d0                __end = _end
                0x200081d0                _ebss = .
                0x200081d0                PROVIDE (end, .)

.stack          0x200081d0     0x3000
                0x200081d0                . = ALIGN (0x4)
                0x200091d0                . = (. + PROCESS_STACK_SIZE)
 *fill*         0x200081d0     0x1000 00
                0x200091d0                . = ALIGN (0x4)
                0x2000b1d0                . = (. + MAIN_STACK_SIZE)
 *fill*         0x200091d0     0x2000 00
                0x2000b1d0                . = ALIGN (0x4)

.stab
 *(.stab)

.stabstr
 *(.stabstr)

.debug
 *(.debug)

.line
 *(.line)

.debug_srcinfo
 *(.debug_srcinfo)

.debug_sfnames
 *(.debug_sfnames)

.comment        0x00000000      0x102
 .comment       0x00000000       0x2b ./main.o
 .comment       0x0000002b       0x2b C:/Users/phammel/Desktop/starter/irc/SoftConsole/infr_MSS_CM3_0/infr_MSS_CM3_0_hw_platform/Debug/CMSIS/startup_gcc/newlib_stubs.o
 .comment       0x00000056       0x2b C:\Users\phammel\Desktop\starter\irc\SoftConsole\infr_MSS_CM3_0\infr_MSS_CM3_0_hw_platform\Debug\libinfr_MSS_CM3_0_hw_platform.a(mss_uart.o)
 .comment       0x00000081       0x2b C:\Users\phammel\Desktop\starter\irc\SoftConsole\infr_MSS_CM3_0\infr_MSS_CM3_0_hw_platform\Debug\libinfr_MSS_CM3_0_hw_platform.a(mss_i2c.o)
 .comment       0x000000ac       0x2b C:\Users\phammel\Desktop\starter\irc\SoftConsole\infr_MSS_CM3_0\infr_MSS_CM3_0_hw_platform\Debug\libinfr_MSS_CM3_0_hw_platform.a(core_cm3.o)
 .comment       0x000000d7       0x2b C:\Users\phammel\Desktop\starter\irc\SoftConsole\infr_MSS_CM3_0\infr_MSS_CM3_0_hw_platform\Debug\libinfr_MSS_CM3_0_hw_platform.a(system_a2fxxxm3.o)

.debug_aranges  0x00000000      0x388
 *(.debug_aranges)
 .debug_aranges
                0x00000000       0x20 ./main.o
 .debug_aranges
                0x00000020       0xa8 C:/Users/phammel/Desktop/starter/irc/SoftConsole/infr_MSS_CM3_0/infr_MSS_CM3_0_hw_platform/Debug/CMSIS/startup_gcc/newlib_stubs.o
 .debug_aranges
                0x000000c8       0xc0 C:\Users\phammel\Desktop\starter\irc\SoftConsole\infr_MSS_CM3_0\infr_MSS_CM3_0_hw_platform\Debug\libinfr_MSS_CM3_0_hw_platform.a(mss_uart.o)
 .debug_aranges
                0x00000188      0x110 C:\Users\phammel\Desktop\starter\irc\SoftConsole\infr_MSS_CM3_0\infr_MSS_CM3_0_hw_platform\Debug\libinfr_MSS_CM3_0_hw_platform.a(mss_i2c.o)
 .debug_aranges
                0x00000298       0xc8 C:\Users\phammel\Desktop\starter\irc\SoftConsole\infr_MSS_CM3_0\infr_MSS_CM3_0_hw_platform\Debug\libinfr_MSS_CM3_0_hw_platform.a(core_cm3.o)
 .debug_aranges
                0x00000360       0x28 C:\Users\phammel\Desktop\starter\irc\SoftConsole\infr_MSS_CM3_0\infr_MSS_CM3_0_hw_platform\Debug\libinfr_MSS_CM3_0_hw_platform.a(system_a2fxxxm3.o)

.debug_pubnames
                0x00000000      0x81a
 *(.debug_pubnames)
 .debug_pubnames
                0x00000000       0x1b ./main.o
 .debug_pubnames
                0x0000001b       0xeb C:/Users/phammel/Desktop/starter/irc/SoftConsole/infr_MSS_CM3_0/infr_MSS_CM3_0_hw_platform/Debug/CMSIS/startup_gcc/newlib_stubs.o
 .debug_pubnames
                0x00000106      0x21c C:\Users\phammel\Desktop\starter\irc\SoftConsole\infr_MSS_CM3_0\infr_MSS_CM3_0_hw_platform\Debug\libinfr_MSS_CM3_0_hw_platform.a(mss_uart.o)
 .debug_pubnames
                0x00000322      0x2eb C:\Users\phammel\Desktop\starter\irc\SoftConsole\infr_MSS_CM3_0\infr_MSS_CM3_0_hw_platform\Debug\libinfr_MSS_CM3_0_hw_platform.a(mss_i2c.o)
 .debug_pubnames
                0x0000060d      0x159 C:\Users\phammel\Desktop\starter\irc\SoftConsole\infr_MSS_CM3_0\infr_MSS_CM3_0_hw_platform\Debug\libinfr_MSS_CM3_0_hw_platform.a(core_cm3.o)
 .debug_pubnames
                0x00000766       0xb4 C:\Users\phammel\Desktop\starter\irc\SoftConsole\infr_MSS_CM3_0\infr_MSS_CM3_0_hw_platform\Debug\libinfr_MSS_CM3_0_hw_platform.a(system_a2fxxxm3.o)

.debug_info     0x00000000     0x5790
 *(.debug_info .gnu.linkonce.wi.*)
 .debug_info    0x00000000      0xbb0 ./main.o
 .debug_info    0x00000bb0     0x10eb C:/Users/phammel/Desktop/starter/irc/SoftConsole/infr_MSS_CM3_0/infr_MSS_CM3_0_hw_platform/Debug/CMSIS/startup_gcc/newlib_stubs.o
 .debug_info    0x00001c9b     0x1740 C:\Users\phammel\Desktop\starter\irc\SoftConsole\infr_MSS_CM3_0\infr_MSS_CM3_0_hw_platform\Debug\libinfr_MSS_CM3_0_hw_platform.a(mss_uart.o)
 .debug_info    0x000033db     0x190b C:\Users\phammel\Desktop\starter\irc\SoftConsole\infr_MSS_CM3_0\infr_MSS_CM3_0_hw_platform\Debug\libinfr_MSS_CM3_0_hw_platform.a(mss_i2c.o)
 .debug_info    0x00004ce6      0x535 C:\Users\phammel\Desktop\starter\irc\SoftConsole\infr_MSS_CM3_0\infr_MSS_CM3_0_hw_platform\Debug\libinfr_MSS_CM3_0_hw_platform.a(core_cm3.o)
 .debug_info    0x0000521b      0x575 C:\Users\phammel\Desktop\starter\irc\SoftConsole\infr_MSS_CM3_0\infr_MSS_CM3_0_hw_platform\Debug\libinfr_MSS_CM3_0_hw_platform.a(system_a2fxxxm3.o)

.debug_abbrev   0x00000000      0xb9a
 *(.debug_abbrev)
 .debug_abbrev  0x00000000      0x150 ./main.o
 .debug_abbrev  0x00000150      0x251 C:/Users/phammel/Desktop/starter/irc/SoftConsole/infr_MSS_CM3_0/infr_MSS_CM3_0_hw_platform/Debug/CMSIS/startup_gcc/newlib_stubs.o
 .debug_abbrev  0x000003a1      0x306 C:\Users\phammel\Desktop\starter\irc\SoftConsole\infr_MSS_CM3_0\infr_MSS_CM3_0_hw_platform\Debug\libinfr_MSS_CM3_0_hw_platform.a(mss_uart.o)
 .debug_abbrev  0x000006a7      0x2da C:\Users\phammel\Desktop\starter\irc\SoftConsole\infr_MSS_CM3_0\infr_MSS_CM3_0_hw_platform\Debug\libinfr_MSS_CM3_0_hw_platform.a(mss_i2c.o)
 .debug_abbrev  0x00000981       0xc5 C:\Users\phammel\Desktop\starter\irc\SoftConsole\infr_MSS_CM3_0\infr_MSS_CM3_0_hw_platform\Debug\libinfr_MSS_CM3_0_hw_platform.a(core_cm3.o)
 .debug_abbrev  0x00000a46      0x154 C:\Users\phammel\Desktop\starter\irc\SoftConsole\infr_MSS_CM3_0\infr_MSS_CM3_0_hw_platform\Debug\libinfr_MSS_CM3_0_hw_platform.a(system_a2fxxxm3.o)

.debug_line     0x00000000     0x1aee
 *(.debug_line)
 .debug_line    0x00000000      0x40d ./main.o
 .debug_line    0x0000040d      0x4f7 C:/Users/phammel/Desktop/starter/irc/SoftConsole/infr_MSS_CM3_0/infr_MSS_CM3_0_hw_platform/Debug/CMSIS/startup_gcc/newlib_stubs.o
 .debug_line    0x00000904      0x5c9 C:\Users\phammel\Desktop\starter\irc\SoftConsole\infr_MSS_CM3_0\infr_MSS_CM3_0_hw_platform\Debug\libinfr_MSS_CM3_0_hw_platform.a(mss_uart.o)
 .debug_line    0x00000ecd      0x779 C:\Users\phammel\Desktop\starter\irc\SoftConsole\infr_MSS_CM3_0\infr_MSS_CM3_0_hw_platform\Debug\libinfr_MSS_CM3_0_hw_platform.a(mss_i2c.o)
 .debug_line    0x00001646      0x244 C:\Users\phammel\Desktop\starter\irc\SoftConsole\infr_MSS_CM3_0\infr_MSS_CM3_0_hw_platform\Debug\libinfr_MSS_CM3_0_hw_platform.a(core_cm3.o)
 .debug_line    0x0000188a      0x264 C:\Users\phammel\Desktop\starter\irc\SoftConsole\infr_MSS_CM3_0\infr_MSS_CM3_0_hw_platform\Debug\libinfr_MSS_CM3_0_hw_platform.a(system_a2fxxxm3.o)

.debug_frame    0x00000000     0x1410
 *(.debug_frame)
 .debug_frame   0x00000000       0x3c ./main.o
 .debug_frame   0x0000003c      0x174 C:/Users/phammel/Desktop/starter/irc/SoftConsole/infr_MSS_CM3_0/infr_MSS_CM3_0_hw_platform/Debug/CMSIS/startup_gcc/newlib_stubs.o
 .debug_frame   0x000001b0      0x1f0 C:\Users\phammel\Desktop\starter\irc\SoftConsole\infr_MSS_CM3_0\infr_MSS_CM3_0_hw_platform\Debug\libinfr_MSS_CM3_0_hw_platform.a(mss_uart.o)
 .debug_frame   0x000003a0      0x2bc C:\Users\phammel\Desktop\starter\irc\SoftConsole\infr_MSS_CM3_0\infr_MSS_CM3_0_hw_platform\Debug\libinfr_MSS_CM3_0_hw_platform.a(mss_i2c.o)
 .debug_frame   0x0000065c      0x170 C:\Users\phammel\Desktop\starter\irc\SoftConsole\infr_MSS_CM3_0\infr_MSS_CM3_0_hw_platform\Debug\libinfr_MSS_CM3_0_hw_platform.a(core_cm3.o)
 .debug_frame   0x000007cc       0x3c C:\Users\phammel\Desktop\starter\irc\SoftConsole\infr_MSS_CM3_0\infr_MSS_CM3_0_hw_platform\Debug\libinfr_MSS_CM3_0_hw_platform.a(system_a2fxxxm3.o)
 .debug_frame   0x00000808       0x20 c:/microsemi/softconsole v3.3/sourcery-g++/bin/../lib/gcc/arm-none-eabi/4.4.1/../../../../arm-none-eabi/lib/thumb2\libc.a(lib_a-errno.o)
 .debug_frame   0x00000828       0x2c c:/microsemi/softconsole v3.3/sourcery-g++/bin/../lib/gcc/arm-none-eabi/4.4.1/../../../../arm-none-eabi/lib/thumb2\libc.a(lib_a-init.o)
 .debug_frame   0x00000854       0x28 c:/microsemi/softconsole v3.3/sourcery-g++/bin/../lib/gcc/arm-none-eabi/4.4.1/../../../../arm-none-eabi/lib/thumb2\libc.a(lib_a-memset.o)
 .debug_frame   0x0000087c       0x5c c:/microsemi/softconsole v3.3/sourcery-g++/bin/../lib/gcc/arm-none-eabi/4.4.1/../../../../arm-none-eabi/lib/thumb2\libc.a(lib_a-printf.o)
 .debug_frame   0x000008d8       0x70 c:/microsemi/softconsole v3.3/sourcery-g++/bin/../lib/gcc/arm-none-eabi/4.4.1/../../../../arm-none-eabi/lib/thumb2\libc.a(lib_a-vfprintf.o)
 .debug_frame   0x00000948       0x2c c:/microsemi/softconsole v3.3/sourcery-g++/bin/../lib/gcc/arm-none-eabi/4.4.1/../../../../arm-none-eabi/lib/thumb2\libc.a(lib_a-wsetup.o)
 .debug_frame   0x00000974       0x64 c:/microsemi/softconsole v3.3/sourcery-g++/bin/../lib/gcc/arm-none-eabi/4.4.1/../../../../arm-none-eabi/lib/thumb2\libc.a(lib_a-dtoa.o)
 .debug_frame   0x000009d8       0x40 c:/microsemi/softconsole v3.3/sourcery-g++/bin/../lib/gcc/arm-none-eabi/4.4.1/../../../../arm-none-eabi/lib/thumb2\libc.a(lib_a-fflush.o)
 .debug_frame   0x00000a18      0x11c c:/microsemi/softconsole v3.3/sourcery-g++/bin/../lib/gcc/arm-none-eabi/4.4.1/../../../../arm-none-eabi/lib/thumb2\libc.a(lib_a-findfp.o)
 .debug_frame   0x00000b34       0x50 c:/microsemi/softconsole v3.3/sourcery-g++/bin/../lib/gcc/arm-none-eabi/4.4.1/../../../../arm-none-eabi/lib/thumb2\libc.a(lib_a-freer.o)
 .debug_frame   0x00000b84       0x3c c:/microsemi/softconsole v3.3/sourcery-g++/bin/../lib/gcc/arm-none-eabi/4.4.1/../../../../arm-none-eabi/lib/thumb2\libc.a(lib_a-fvwrite.o)
 .debug_frame   0x00000bc0       0x54 c:/microsemi/softconsole v3.3/sourcery-g++/bin/../lib/gcc/arm-none-eabi/4.4.1/../../../../arm-none-eabi/lib/thumb2\libc.a(lib_a-fwalk.o)
 .debug_frame   0x00000c14       0x6c c:/microsemi/softconsole v3.3/sourcery-g++/bin/../lib/gcc/arm-none-eabi/4.4.1/../../../../arm-none-eabi/lib/thumb2\libc.a(lib_a-locale.o)
 .debug_frame   0x00000c80       0x34 c:/microsemi/softconsole v3.3/sourcery-g++/bin/../lib/gcc/arm-none-eabi/4.4.1/../../../../arm-none-eabi/lib/thumb2\libc.a(lib_a-makebuf.o)
 .debug_frame   0x00000cb4       0x30 c:/microsemi/softconsole v3.3/sourcery-g++/bin/../lib/gcc/arm-none-eabi/4.4.1/../../../../arm-none-eabi/lib/thumb2\libc.a(lib_a-malloc.o)
 .debug_frame   0x00000ce4       0x3c c:/microsemi/softconsole v3.3/sourcery-g++/bin/../lib/gcc/arm-none-eabi/4.4.1/../../../../arm-none-eabi/lib/thumb2\libc.a(lib_a-mallocr.o)
 .debug_frame   0x00000d20       0x28 c:/microsemi/softconsole v3.3/sourcery-g++/bin/../lib/gcc/arm-none-eabi/4.4.1/../../../../arm-none-eabi/lib/thumb2\libc.a(lib_a-memchr.o)
 .debug_frame   0x00000d48       0x34 c:/microsemi/softconsole v3.3/sourcery-g++/bin/../lib/gcc/arm-none-eabi/4.4.1/../../../../arm-none-eabi/lib/thumb2\libc.a(lib_a-memcpy.o)
 .debug_frame   0x00000d7c       0x2c c:/microsemi/softconsole v3.3/sourcery-g++/bin/../lib/gcc/arm-none-eabi/4.4.1/../../../../arm-none-eabi/lib/thumb2\libc.a(lib_a-memmove.o)
 .debug_frame   0x00000da8       0x30 c:/microsemi/softconsole v3.3/sourcery-g++/bin/../lib/gcc/arm-none-eabi/4.4.1/../../../../arm-none-eabi/lib/thumb2\libc.a(lib_a-mlock.o)
 .debug_frame   0x00000dd8      0x240 c:/microsemi/softconsole v3.3/sourcery-g++/bin/../lib/gcc/arm-none-eabi/4.4.1/../../../../arm-none-eabi/lib/thumb2\libc.a(lib_a-mprec.o)
 .debug_frame   0x00001018       0x3c c:/microsemi/softconsole v3.3/sourcery-g++/bin/../lib/gcc/arm-none-eabi/4.4.1/../../../../arm-none-eabi/lib/thumb2\libc.a(lib_a-reallocr.o)
 .debug_frame   0x00001054       0x20 c:/microsemi/softconsole v3.3/sourcery-g++/bin/../lib/gcc/arm-none-eabi/4.4.1/../../../../arm-none-eabi/lib/thumb2\libc.a(lib_a-s_isinfd.o)
 .debug_frame   0x00001074       0x20 c:/microsemi/softconsole v3.3/sourcery-g++/bin/../lib/gcc/arm-none-eabi/4.4.1/../../../../arm-none-eabi/lib/thumb2\libc.a(lib_a-s_isnand.o)
 .debug_frame   0x00001094       0x2c c:/microsemi/softconsole v3.3/sourcery-g++/bin/../lib/gcc/arm-none-eabi/4.4.1/../../../../arm-none-eabi/lib/thumb2\libc.a(lib_a-sbrkr.o)
 .debug_frame   0x000010c0       0x70 c:/microsemi/softconsole v3.3/sourcery-g++/bin/../lib/gcc/arm-none-eabi/4.4.1/../../../../arm-none-eabi/lib/thumb2\libc.a(lib_a-stdio.o)
 .debug_frame   0x00001130       0x30 c:/microsemi/softconsole v3.3/sourcery-g++/bin/../lib/gcc/arm-none-eabi/4.4.1/../../../../arm-none-eabi/lib/thumb2\libc.a(lib_a-strcmp.o)
 .debug_frame   0x00001160       0x20 c:/microsemi/softconsole v3.3/sourcery-g++/bin/../lib/gcc/arm-none-eabi/4.4.1/../../../../arm-none-eabi/lib/thumb2\libc.a(lib_a-strlen.o)
 .debug_frame   0x00001180       0x2c c:/microsemi/softconsole v3.3/sourcery-g++/bin/../lib/gcc/arm-none-eabi/4.4.1/../../../../arm-none-eabi/lib/thumb2\libc.a(lib_a-callocr.o)
 .debug_frame   0x000011ac       0x2c c:/microsemi/softconsole v3.3/sourcery-g++/bin/../lib/gcc/arm-none-eabi/4.4.1/../../../../arm-none-eabi/lib/thumb2\libc.a(lib_a-closer.o)
 .debug_frame   0x000011d8       0x3c c:/microsemi/softconsole v3.3/sourcery-g++/bin/../lib/gcc/arm-none-eabi/4.4.1/../../../../arm-none-eabi/lib/thumb2\libc.a(lib_a-fclose.o)
 .debug_frame   0x00001214       0x2c c:/microsemi/softconsole v3.3/sourcery-g++/bin/../lib/gcc/arm-none-eabi/4.4.1/../../../../arm-none-eabi/lib/thumb2\libc.a(lib_a-fstatr.o)
 .debug_frame   0x00001240       0x2c c:/microsemi/softconsole v3.3/sourcery-g++/bin/../lib/gcc/arm-none-eabi/4.4.1/../../../../arm-none-eabi/lib/thumb2\libc.a(lib_a-isattyr.o)
 .debug_frame   0x0000126c       0x2c c:/microsemi/softconsole v3.3/sourcery-g++/bin/../lib/gcc/arm-none-eabi/4.4.1/../../../../arm-none-eabi/lib/thumb2\libc.a(lib_a-lseekr.o)
 .debug_frame   0x00001298       0x2c c:/microsemi/softconsole v3.3/sourcery-g++/bin/../lib/gcc/arm-none-eabi/4.4.1/../../../../arm-none-eabi/lib/thumb2\libc.a(lib_a-readr.o)
 .debug_frame   0x000012c4       0x64 c:/microsemi/softconsole v3.3/sourcery-g++/bin/../lib/gcc/arm-none-eabi/4.4.1/../../../../arm-none-eabi/lib/thumb2\libc.a(lib_a-reent.o)
 .debug_frame   0x00001328       0x20 c:/microsemi/softconsole v3.3/sourcery-g++/bin/../lib/gcc/arm-none-eabi/4.4.1/thumb2\libgcc.a(_udivsi3.o)
 .debug_frame   0x00001348       0x50 c:/microsemi/softconsole v3.3/sourcery-g++/bin/../lib/gcc/arm-none-eabi/4.4.1/thumb2\libgcc.a(bpabi.o)
 .debug_frame   0x00001398       0x3c c:/microsemi/softconsole v3.3/sourcery-g++/bin/../lib/gcc/arm-none-eabi/4.4.1/thumb2\libgcc.a(_divdi3.o)
 .debug_frame   0x000013d4       0x3c c:/microsemi/softconsole v3.3/sourcery-g++/bin/../lib/gcc/arm-none-eabi/4.4.1/thumb2\libgcc.a(_udivdi3.o)

.debug_str      0x00000000     0x2121
 *(.debug_str)
 .debug_str     0x00000000     0x10c0 ./main.o
                               0x115b (size before relaxing)
 .debug_str     0x000010c0      0x487 C:/Users/phammel/Desktop/starter/irc/SoftConsole/infr_MSS_CM3_0/infr_MSS_CM3_0_hw_platform/Debug/CMSIS/startup_gcc/newlib_stubs.o
                               0x10a1 (size before relaxing)
 .debug_str     0x00001547      0x60b C:\Users\phammel\Desktop\starter\irc\SoftConsole\infr_MSS_CM3_0\infr_MSS_CM3_0_hw_platform\Debug\libinfr_MSS_CM3_0_hw_platform.a(mss_uart.o)
                               0x14b2 (size before relaxing)
 .debug_str     0x00001b52      0x396 C:\Users\phammel\Desktop\starter\irc\SoftConsole\infr_MSS_CM3_0\infr_MSS_CM3_0_hw_platform\Debug\libinfr_MSS_CM3_0_hw_platform.a(mss_i2c.o)
                               0x1752 (size before relaxing)
 .debug_str     0x00001ee8      0x142 C:\Users\phammel\Desktop\starter\irc\SoftConsole\infr_MSS_CM3_0\infr_MSS_CM3_0_hw_platform\Debug\libinfr_MSS_CM3_0_hw_platform.a(core_cm3.o)
                                0x268 (size before relaxing)
 .debug_str     0x0000202a       0xf7 C:\Users\phammel\Desktop\starter\irc\SoftConsole\infr_MSS_CM3_0\infr_MSS_CM3_0_hw_platform\Debug\libinfr_MSS_CM3_0_hw_platform.a(system_a2fxxxm3.o)
                                0x455 (size before relaxing)

.debug_loc      0x00000000     0x15d6
 *(.debug_loc)
 .debug_loc     0x00000000       0x65 ./main.o
 .debug_loc     0x00000065      0x30d C:/Users/phammel/Desktop/starter/irc/SoftConsole/infr_MSS_CM3_0/infr_MSS_CM3_0_hw_platform/Debug/CMSIS/startup_gcc/newlib_stubs.o
 .debug_loc     0x00000372      0x894 C:\Users\phammel\Desktop\starter\irc\SoftConsole\infr_MSS_CM3_0\infr_MSS_CM3_0_hw_platform\Debug\libinfr_MSS_CM3_0_hw_platform.a(mss_uart.o)
 .debug_loc     0x00000c06      0x755 C:\Users\phammel\Desktop\starter\irc\SoftConsole\infr_MSS_CM3_0\infr_MSS_CM3_0_hw_platform\Debug\libinfr_MSS_CM3_0_hw_platform.a(mss_i2c.o)
 .debug_loc     0x0000135b      0x1c8 C:\Users\phammel\Desktop\starter\irc\SoftConsole\infr_MSS_CM3_0\infr_MSS_CM3_0_hw_platform\Debug\libinfr_MSS_CM3_0_hw_platform.a(core_cm3.o)
 .debug_loc     0x00001523       0xb3 C:\Users\phammel\Desktop\starter\irc\SoftConsole\infr_MSS_CM3_0\infr_MSS_CM3_0_hw_platform\Debug\libinfr_MSS_CM3_0_hw_platform.a(system_a2fxxxm3.o)

.debug_macinfo  0x00000000    0x27036
 *(.debug_macinfo)
 .debug_macinfo
                0x00000000     0x8e14 ./main.o
 .debug_macinfo
                0x00008e14     0x9964 C:/Users/phammel/Desktop/starter/irc/SoftConsole/infr_MSS_CM3_0/infr_MSS_CM3_0_hw_platform/Debug/CMSIS/startup_gcc/newlib_stubs.o
 .debug_macinfo
                0x00012778     0x63e3 C:\Users\phammel\Desktop\starter\irc\SoftConsole\infr_MSS_CM3_0\infr_MSS_CM3_0_hw_platform\Debug\libinfr_MSS_CM3_0_hw_platform.a(mss_uart.o)
 .debug_macinfo
                0x00018b5b     0x7518 C:\Users\phammel\Desktop\starter\irc\SoftConsole\infr_MSS_CM3_0\infr_MSS_CM3_0_hw_platform\Debug\libinfr_MSS_CM3_0_hw_platform.a(mss_i2c.o)
 .debug_macinfo
                0x00020073     0x152b C:\Users\phammel\Desktop\starter\irc\SoftConsole\infr_MSS_CM3_0\infr_MSS_CM3_0_hw_platform\Debug\libinfr_MSS_CM3_0_hw_platform.a(core_cm3.o)
 .debug_macinfo
                0x0002159e     0x5a98 C:\Users\phammel\Desktop\starter\irc\SoftConsole\infr_MSS_CM3_0\infr_MSS_CM3_0_hw_platform\Debug\libinfr_MSS_CM3_0_hw_platform.a(system_a2fxxxm3.o)

.debug_weaknames
 *(.debug_weaknames)

.debug_funcnames
 *(.debug_funcnames)

.debug_typenames
 *(.debug_typenames)

.debug_varnames
 *(.debug_varnames)

.note.gnu.arm.ident
 *(.note.gnu.arm.ident)

.ARM.attributes
                0x00000000       0x25
 *(.ARM.attributes)
 .ARM.attributes
                0x00000000       0x19 c:/microsemi/softconsole v3.3/sourcery-g++/bin/../lib/gcc/arm-none-eabi/4.4.1/thumb2/crti.o
 .ARM.attributes
                0x00000019       0x29 c:/microsemi/softconsole v3.3/sourcery-g++/bin/../lib/gcc/arm-none-eabi/4.4.1/thumb2/crtbegin.o
 .ARM.attributes
                0x00000042       0x31 ./main.o
 .ARM.attributes
                0x00000073       0x21 C:/Users/phammel/Desktop/starter/irc/SoftConsole/infr_MSS_CM3_0/infr_MSS_CM3_0_hw_platform/Debug/CMSIS/startup_gcc/startup_a2fxxxm3.o
 .ARM.attributes
                0x00000094       0x31 C:/Users/phammel/Desktop/starter/irc/SoftConsole/infr_MSS_CM3_0/infr_MSS_CM3_0_hw_platform/Debug/CMSIS/startup_gcc/newlib_stubs.o
 .ARM.attributes
                0x000000c5       0x31 C:\Users\phammel\Desktop\starter\irc\SoftConsole\infr_MSS_CM3_0\infr_MSS_CM3_0_hw_platform\Debug\libinfr_MSS_CM3_0_hw_platform.a(mss_uart.o)
 .ARM.attributes
                0x000000f6       0x31 C:\Users\phammel\Desktop\starter\irc\SoftConsole\infr_MSS_CM3_0\infr_MSS_CM3_0_hw_platform\Debug\libinfr_MSS_CM3_0_hw_platform.a(mss_i2c.o)
 .ARM.attributes
                0x00000127       0x31 C:\Users\phammel\Desktop\starter\irc\SoftConsole\infr_MSS_CM3_0\infr_MSS_CM3_0_hw_platform\Debug\libinfr_MSS_CM3_0_hw_platform.a(core_cm3.o)
 .ARM.attributes
                0x00000158       0x31 C:\Users\phammel\Desktop\starter\irc\SoftConsole\infr_MSS_CM3_0\infr_MSS_CM3_0_hw_platform\Debug\libinfr_MSS_CM3_0_hw_platform.a(system_a2fxxxm3.o)
 .ARM.attributes
                0x00000189       0x29 c:/microsemi/softconsole v3.3/sourcery-g++/bin/../lib/gcc/arm-none-eabi/4.4.1/../../../../arm-none-eabi/lib/thumb2\libc.a(lib_a-errno.o)
 .ARM.attributes
                0x000001b2       0x29 c:/microsemi/softconsole v3.3/sourcery-g++/bin/../lib/gcc/arm-none-eabi/4.4.1/../../../../arm-none-eabi/lib/thumb2\libc.a(lib_a-impure.o)
 .ARM.attributes
                0x000001db       0x29 c:/microsemi/softconsole v3.3/sourcery-g++/bin/../lib/gcc/arm-none-eabi/4.4.1/../../../../arm-none-eabi/lib/thumb2\libc.a(lib_a-init.o)
 .ARM.attributes
                0x00000204       0x29 c:/microsemi/softconsole v3.3/sourcery-g++/bin/../lib/gcc/arm-none-eabi/4.4.1/../../../../arm-none-eabi/lib/thumb2\libc.a(lib_a-memset.o)
 .ARM.attributes
                0x0000022d       0x29 c:/microsemi/softconsole v3.3/sourcery-g++/bin/../lib/gcc/arm-none-eabi/4.4.1/../../../../arm-none-eabi/lib/thumb2\libc.a(lib_a-printf.o)
 .ARM.attributes
                0x00000256       0x29 c:/microsemi/softconsole v3.3/sourcery-g++/bin/../lib/gcc/arm-none-eabi/4.4.1/../../../../arm-none-eabi/lib/thumb2\libc.a(lib_a-vfprintf.o)
 .ARM.attributes
                0x0000027f       0x29 c:/microsemi/softconsole v3.3/sourcery-g++/bin/../lib/gcc/arm-none-eabi/4.4.1/../../../../arm-none-eabi/lib/thumb2\libc.a(lib_a-wsetup.o)
 .ARM.attributes
                0x000002a8       0x29 c:/microsemi/softconsole v3.3/sourcery-g++/bin/../lib/gcc/arm-none-eabi/4.4.1/../../../../arm-none-eabi/lib/thumb2\libc.a(lib_a-dtoa.o)
 .ARM.attributes
                0x000002d1       0x29 c:/microsemi/softconsole v3.3/sourcery-g++/bin/../lib/gcc/arm-none-eabi/4.4.1/../../../../arm-none-eabi/lib/thumb2\libc.a(lib_a-fflush.o)
 .ARM.attributes
                0x000002fa       0x29 c:/microsemi/softconsole v3.3/sourcery-g++/bin/../lib/gcc/arm-none-eabi/4.4.1/../../../../arm-none-eabi/lib/thumb2\libc.a(lib_a-findfp.o)
 .ARM.attributes
                0x00000323       0x29 c:/microsemi/softconsole v3.3/sourcery-g++/bin/../lib/gcc/arm-none-eabi/4.4.1/../../../../arm-none-eabi/lib/thumb2\libc.a(lib_a-freer.o)
 .ARM.attributes
                0x0000034c       0x29 c:/microsemi/softconsole v3.3/sourcery-g++/bin/../lib/gcc/arm-none-eabi/4.4.1/../../../../arm-none-eabi/lib/thumb2\libc.a(lib_a-fvwrite.o)
 .ARM.attributes
                0x00000375       0x29 c:/microsemi/softconsole v3.3/sourcery-g++/bin/../lib/gcc/arm-none-eabi/4.4.1/../../../../arm-none-eabi/lib/thumb2\libc.a(lib_a-fwalk.o)
 .ARM.attributes
                0x0000039e       0x29 c:/microsemi/softconsole v3.3/sourcery-g++/bin/../lib/gcc/arm-none-eabi/4.4.1/../../../../arm-none-eabi/lib/thumb2\libc.a(lib_a-locale.o)
 .ARM.attributes
                0x000003c7       0x29 c:/microsemi/softconsole v3.3/sourcery-g++/bin/../lib/gcc/arm-none-eabi/4.4.1/../../../../arm-none-eabi/lib/thumb2\libc.a(lib_a-makebuf.o)
 .ARM.attributes
                0x000003f0       0x29 c:/microsemi/softconsole v3.3/sourcery-g++/bin/../lib/gcc/arm-none-eabi/4.4.1/../../../../arm-none-eabi/lib/thumb2\libc.a(lib_a-malloc.o)
 .ARM.attributes
                0x00000419       0x29 c:/microsemi/softconsole v3.3/sourcery-g++/bin/../lib/gcc/arm-none-eabi/4.4.1/../../../../arm-none-eabi/lib/thumb2\libc.a(lib_a-mallocr.o)
 .ARM.attributes
                0x00000442       0x29 c:/microsemi/softconsole v3.3/sourcery-g++/bin/../lib/gcc/arm-none-eabi/4.4.1/../../../../arm-none-eabi/lib/thumb2\libc.a(lib_a-memchr.o)
 .ARM.attributes
                0x0000046b       0x29 c:/microsemi/softconsole v3.3/sourcery-g++/bin/../lib/gcc/arm-none-eabi/4.4.1/../../../../arm-none-eabi/lib/thumb2\libc.a(lib_a-memcpy.o)
 .ARM.attributes
                0x00000494       0x29 c:/microsemi/softconsole v3.3/sourcery-g++/bin/../lib/gcc/arm-none-eabi/4.4.1/../../../../arm-none-eabi/lib/thumb2\libc.a(lib_a-memmove.o)
 .ARM.attributes
                0x000004bd       0x29 c:/microsemi/softconsole v3.3/sourcery-g++/bin/../lib/gcc/arm-none-eabi/4.4.1/../../../../arm-none-eabi/lib/thumb2\libc.a(lib_a-mlock.o)
 .ARM.attributes
                0x000004e6       0x29 c:/microsemi/softconsole v3.3/sourcery-g++/bin/../lib/gcc/arm-none-eabi/4.4.1/../../../../arm-none-eabi/lib/thumb2\libc.a(lib_a-mprec.o)
 .ARM.attributes
                0x0000050f       0x29 c:/microsemi/softconsole v3.3/sourcery-g++/bin/../lib/gcc/arm-none-eabi/4.4.1/../../../../arm-none-eabi/lib/thumb2\libc.a(lib_a-reallocr.o)
 .ARM.attributes
                0x00000538       0x29 c:/microsemi/softconsole v3.3/sourcery-g++/bin/../lib/gcc/arm-none-eabi/4.4.1/../../../../arm-none-eabi/lib/thumb2\libc.a(lib_a-s_isinfd.o)
 .ARM.attributes
                0x00000561       0x29 c:/microsemi/softconsole v3.3/sourcery-g++/bin/../lib/gcc/arm-none-eabi/4.4.1/../../../../arm-none-eabi/lib/thumb2\libc.a(lib_a-s_isnand.o)
 .ARM.attributes
                0x0000058a       0x29 c:/microsemi/softconsole v3.3/sourcery-g++/bin/../lib/gcc/arm-none-eabi/4.4.1/../../../../arm-none-eabi/lib/thumb2\libc.a(lib_a-sbrkr.o)
 .ARM.attributes
                0x000005b3       0x29 c:/microsemi/softconsole v3.3/sourcery-g++/bin/../lib/gcc/arm-none-eabi/4.4.1/../../../../arm-none-eabi/lib/thumb2\libc.a(lib_a-stdio.o)
 .ARM.attributes
                0x000005dc       0x29 c:/microsemi/softconsole v3.3/sourcery-g++/bin/../lib/gcc/arm-none-eabi/4.4.1/../../../../arm-none-eabi/lib/thumb2\libc.a(lib_a-strcmp.o)
 .ARM.attributes
                0x00000605       0x29 c:/microsemi/softconsole v3.3/sourcery-g++/bin/../lib/gcc/arm-none-eabi/4.4.1/../../../../arm-none-eabi/lib/thumb2\libc.a(lib_a-strlen.o)
 .ARM.attributes
                0x0000062e       0x29 c:/microsemi/softconsole v3.3/sourcery-g++/bin/../lib/gcc/arm-none-eabi/4.4.1/../../../../arm-none-eabi/lib/thumb2\libc.a(lib_a-callocr.o)
 .ARM.attributes
                0x00000657       0x29 c:/microsemi/softconsole v3.3/sourcery-g++/bin/../lib/gcc/arm-none-eabi/4.4.1/../../../../arm-none-eabi/lib/thumb2\libc.a(lib_a-closer.o)
 .ARM.attributes
                0x00000680       0x29 c:/microsemi/softconsole v3.3/sourcery-g++/bin/../lib/gcc/arm-none-eabi/4.4.1/../../../../arm-none-eabi/lib/thumb2\libc.a(lib_a-fclose.o)
 .ARM.attributes
                0x000006a9       0x29 c:/microsemi/softconsole v3.3/sourcery-g++/bin/../lib/gcc/arm-none-eabi/4.4.1/../../../../arm-none-eabi/lib/thumb2\libc.a(lib_a-fstatr.o)
 .ARM.attributes
                0x000006d2       0x29 c:/microsemi/softconsole v3.3/sourcery-g++/bin/../lib/gcc/arm-none-eabi/4.4.1/../../../../arm-none-eabi/lib/thumb2\libc.a(lib_a-isattyr.o)
 .ARM.attributes
                0x000006fb       0x29 c:/microsemi/softconsole v3.3/sourcery-g++/bin/../lib/gcc/arm-none-eabi/4.4.1/../../../../arm-none-eabi/lib/thumb2\libc.a(lib_a-lseekr.o)
 .ARM.attributes
                0x00000724       0x29 c:/microsemi/softconsole v3.3/sourcery-g++/bin/../lib/gcc/arm-none-eabi/4.4.1/../../../../arm-none-eabi/lib/thumb2\libc.a(lib_a-readr.o)
 .ARM.attributes
                0x0000074d       0x29 c:/microsemi/softconsole v3.3/sourcery-g++/bin/../lib/gcc/arm-none-eabi/4.4.1/../../../../arm-none-eabi/lib/thumb2\libc.a(lib_a-reent.o)
 .ARM.attributes
                0x00000776       0x1b c:/microsemi/softconsole v3.3/sourcery-g++/bin/../lib/gcc/arm-none-eabi/4.4.1/thumb2\libgcc.a(_udivsi3.o)
 .ARM.attributes
                0x00000791       0x1b c:/microsemi/softconsole v3.3/sourcery-g++/bin/../lib/gcc/arm-none-eabi/4.4.1/thumb2\libgcc.a(_dvmd_tls.o)
 .ARM.attributes
                0x000007ac       0x1b c:/microsemi/softconsole v3.3/sourcery-g++/bin/../lib/gcc/arm-none-eabi/4.4.1/thumb2\libgcc.a(_arm_addsubdf3.o)
 .ARM.attributes
                0x000007c7       0x1b c:/microsemi/softconsole v3.3/sourcery-g++/bin/../lib/gcc/arm-none-eabi/4.4.1/thumb2\libgcc.a(_arm_muldivdf3.o)
 .ARM.attributes
                0x000007e2       0x1b c:/microsemi/softconsole v3.3/sourcery-g++/bin/../lib/gcc/arm-none-eabi/4.4.1/thumb2\libgcc.a(_arm_cmpdf2.o)
 .ARM.attributes
                0x000007fd       0x1b c:/microsemi/softconsole v3.3/sourcery-g++/bin/../lib/gcc/arm-none-eabi/4.4.1/thumb2\libgcc.a(_arm_fixdfsi.o)
 .ARM.attributes
                0x00000818       0x1b c:/microsemi/softconsole v3.3/sourcery-g++/bin/../lib/gcc/arm-none-eabi/4.4.1/thumb2\libgcc.a(_aeabi_uldivmod.o)
 .ARM.attributes
                0x00000833       0x29 c:/microsemi/softconsole v3.3/sourcery-g++/bin/../lib/gcc/arm-none-eabi/4.4.1/thumb2\libgcc.a(bpabi.o)
 .ARM.attributes
                0x0000085c       0x29 c:/microsemi/softconsole v3.3/sourcery-g++/bin/../lib/gcc/arm-none-eabi/4.4.1/thumb2\libgcc.a(_divdi3.o)
 .ARM.attributes
                0x00000885       0x29 c:/microsemi/softconsole v3.3/sourcery-g++/bin/../lib/gcc/arm-none-eabi/4.4.1/thumb2\libgcc.a(_udivdi3.o)
 .ARM.attributes
                0x000008ae       0x29 c:/microsemi/softconsole v3.3/sourcery-g++/bin/../lib/gcc/arm-none-eabi/4.4.1/thumb2/crtend.o
 .ARM.attributes
                0x000008d7       0x19 c:/microsemi/softconsole v3.3/sourcery-g++/bin/../lib/gcc/arm-none-eabi/4.4.1/thumb2/crtn.o

/DISCARD/
 *(.note.GNU-stack)
 *(.isr_vector)
OUTPUT(infr_MSS_CM3_0_app elf32-littlearm)

.debug_ranges   0x00000000      0x370
 .debug_ranges  0x00000000       0x18 ./main.o
 .debug_ranges  0x00000018       0xa0 C:/Users/phammel/Desktop/starter/irc/SoftConsole/infr_MSS_CM3_0/infr_MSS_CM3_0_hw_platform/Debug/CMSIS/startup_gcc/newlib_stubs.o
 .debug_ranges  0x000000b8       0xd0 C:\Users\phammel\Desktop\starter\irc\SoftConsole\infr_MSS_CM3_0\infr_MSS_CM3_0_hw_platform\Debug\libinfr_MSS_CM3_0_hw_platform.a(mss_uart.o)
 .debug_ranges  0x00000188      0x108 C:\Users\phammel\Desktop\starter\irc\SoftConsole\infr_MSS_CM3_0\infr_MSS_CM3_0_hw_platform\Debug\libinfr_MSS_CM3_0_hw_platform.a(mss_i2c.o)
 .debug_ranges  0x00000290       0xc0 C:\Users\phammel\Desktop\starter\irc\SoftConsole\infr_MSS_CM3_0\infr_MSS_CM3_0_hw_platform\Debug\libinfr_MSS_CM3_0_hw_platform.a(core_cm3.o)
 .debug_ranges  0x00000350       0x20 C:\Users\phammel\Desktop\starter\irc\SoftConsole\infr_MSS_CM3_0\infr_MSS_CM3_0_hw_platform\Debug\libinfr_MSS_CM3_0_hw_platform.a(system_a2fxxxm3.o)
